C:\Users\bukre\Documents\MCUXpressoIDE_11.10.0_3148\workspace\FinalProject_SEH500\drivers/fsl_clock.h:725:20:CLOCK_EnableClock	24	static
C:\Users\bukre\Documents\MCUXpressoIDE_11.10.0_3148\workspace\FinalProject_SEH500\drivers/fsl_port.h:271:20:PORT_SetPinConfig	32	static
C:\Users\bukre\Documents\MCUXpressoIDE_11.10.0_3148\workspace\FinalProject_SEH500\drivers/fsl_port.h:374:20:PORT_SetPinMux	24	static
../board/pin_mux.c:30:6:BOARD_InitBootPins	8	static
../board/pin_mux.c:55:6:BOARD_InitPins	8	static
../board/pin_mux.c:100:6:BOARD_I2C_ConfigurePins	16	static
