Archive member included to satisfy reference by file (symbol)

C:/nxp/MCUXpressoIDE_11.10.0_3148/ide/plugins/com.nxp.mcuxpresso.tools.win32_11.10.0.202311280810/tools/bin/../lib/gcc/arm-none-eabi/13.2.1/../../../../arm-none-eabi/lib/thumb/v7e-m+fp/hard\libcr_nohost_nf.a(_cr__main.o)
                              ./startup/startup_mk66f18.o (__main)
C:/nxp/MCUXpressoIDE_11.10.0_3148/ide/plugins/com.nxp.mcuxpresso.tools.win32_11.10.0.202311280810/tools/bin/../lib/gcc/arm-none-eabi/13.2.1/../../../../arm-none-eabi/lib/thumb/v7e-m+fp/hard\libcr_c.a(memcpy.o)
                              ./utilities/fsl_debug_console.o (memcpy)
C:/nxp/MCUXpressoIDE_11.10.0_3148/ide/plugins/com.nxp.mcuxpresso.tools.win32_11.10.0.202311280810/tools/bin/../lib/gcc/arm-none-eabi/13.2.1/../../../../arm-none-eabi/lib/thumb/v7e-m+fp/hard\libcr_c.a(memset.o)
                              ./source/i2c_read_accel_value_transfer.o (memset)
C:/nxp/MCUXpressoIDE_11.10.0_3148/ide/plugins/com.nxp.mcuxpresso.tools.win32_11.10.0.202311280810/tools/bin/../lib/gcc/arm-none-eabi/13.2.1/../../../../arm-none-eabi/lib/thumb/v7e-m+fp/hard\libcr_c.a(alloc.o)
                              ./drivers/fsl_common.o (malloc)
C:/nxp/MCUXpressoIDE_11.10.0_3148/ide/plugins/com.nxp.mcuxpresso.tools.win32_11.10.0.202311280810/tools/bin/../lib/gcc/arm-none-eabi/13.2.1/../../../../arm-none-eabi/lib/thumb/v7e-m+fp/hard\libcr_c.a(initio.o)
                              C:/nxp/MCUXpressoIDE_11.10.0_3148/ide/plugins/com.nxp.mcuxpresso.tools.win32_11.10.0.202311280810/tools/bin/../lib/gcc/arm-none-eabi/13.2.1/../../../../arm-none-eabi/lib/thumb/v7e-m+fp/hard\libcr_nohost_nf.a(_cr__main.o) (_initio)
C:/nxp/MCUXpressoIDE_11.10.0_3148/ide/plugins/com.nxp.mcuxpresso.tools.win32_11.10.0.202311280810/tools/bin/../lib/gcc/arm-none-eabi/13.2.1/../../../../arm-none-eabi/lib/thumb/v7e-m+fp/hard\libcr_c.a(setvbuf.o)
                              C:/nxp/MCUXpressoIDE_11.10.0_3148/ide/plugins/com.nxp.mcuxpresso.tools.win32_11.10.0.202311280810/tools/bin/../lib/gcc/arm-none-eabi/13.2.1/../../../../arm-none-eabi/lib/thumb/v7e-m+fp/hard\libcr_c.a(initio.o) (setvbuf)
C:/nxp/MCUXpressoIDE_11.10.0_3148/ide/plugins/com.nxp.mcuxpresso.tools.win32_11.10.0.202311280810/tools/bin/../lib/gcc/arm-none-eabi/13.2.1/../../../../arm-none-eabi/lib/thumb/v7e-m+fp/hard\libcr_c.a(stdlib.o)
                              ./source/i2c_read_accel_value_transfer.o (abs)
C:/nxp/MCUXpressoIDE_11.10.0_3148/ide/plugins/com.nxp.mcuxpresso.tools.win32_11.10.0.202311280810/tools/bin/../lib/gcc/arm-none-eabi/13.2.1/../../../../arm-none-eabi/lib/thumb/v7e-m+fp/hard\libcr_c.a(strlen.o)
                              ./utilities/fsl_debug_console.o (strlen)
C:/nxp/MCUXpressoIDE_11.10.0_3148/ide/plugins/com.nxp.mcuxpresso.tools.win32_11.10.0.202311280810/tools/bin/../lib/gcc/arm-none-eabi/13.2.1/../../../../arm-none-eabi/lib/thumb/v7e-m+fp/hard\libcr_c.a(__init_alloc.o)
                              C:/nxp/MCUXpressoIDE_11.10.0_3148/ide/plugins/com.nxp.mcuxpresso.tools.win32_11.10.0.202311280810/tools/bin/../lib/gcc/arm-none-eabi/13.2.1/../../../../arm-none-eabi/lib/thumb/v7e-m+fp/hard\libcr_c.a(alloc.o) (__heaps)
C:/nxp/MCUXpressoIDE_11.10.0_3148/ide/plugins/com.nxp.mcuxpresso.tools.win32_11.10.0.202311280810/tools/bin/../lib/gcc/arm-none-eabi/13.2.1/../../../../arm-none-eabi/lib/thumb/v7e-m+fp/hard\libcr_c.a(_cr_sbrk.o)
                              C:/nxp/MCUXpressoIDE_11.10.0_3148/ide/plugins/com.nxp.mcuxpresso.tools.win32_11.10.0.202311280810/tools/bin/../lib/gcc/arm-none-eabi/13.2.1/../../../../arm-none-eabi/lib/thumb/v7e-m+fp/hard\libcr_c.a(alloc.o) (_sbrk)
C:/nxp/MCUXpressoIDE_11.10.0_3148/ide/plugins/com.nxp.mcuxpresso.tools.win32_11.10.0.202311280810/tools/bin/../lib/gcc/arm-none-eabi/13.2.1/../../../../arm-none-eabi/lib/thumb/v7e-m+fp/hard\libcr_c.a(_fdopen.o)
                              C:/nxp/MCUXpressoIDE_11.10.0_3148/ide/plugins/com.nxp.mcuxpresso.tools.win32_11.10.0.202311280810/tools/bin/../lib/gcc/arm-none-eabi/13.2.1/../../../../arm-none-eabi/lib/thumb/v7e-m+fp/hard\libcr_c.a(initio.o) (_fdopen)
C:/nxp/MCUXpressoIDE_11.10.0_3148/ide/plugins/com.nxp.mcuxpresso.tools.win32_11.10.0.202311280810/tools/bin/../lib/gcc/arm-none-eabi/13.2.1/../../../../arm-none-eabi/lib/thumb/v7e-m+fp/hard\libcr_c.a(errno.o)
                              C:/nxp/MCUXpressoIDE_11.10.0_3148/ide/plugins/com.nxp.mcuxpresso.tools.win32_11.10.0.202311280810/tools/bin/../lib/gcc/arm-none-eabi/13.2.1/../../../../arm-none-eabi/lib/thumb/v7e-m+fp/hard\libcr_c.a(_cr_sbrk.o) (errno)
C:/nxp/MCUXpressoIDE_11.10.0_3148/ide/plugins/com.nxp.mcuxpresso.tools.win32_11.10.0.202311280810/tools/bin/../lib/gcc/arm-none-eabi/13.2.1/../../../../arm-none-eabi/lib/thumb/v7e-m+fp/hard\libcr_c.a(fclose.o)
                              C:/nxp/MCUXpressoIDE_11.10.0_3148/ide/plugins/com.nxp.mcuxpresso.tools.win32_11.10.0.202311280810/tools/bin/../lib/gcc/arm-none-eabi/13.2.1/../../../../arm-none-eabi/lib/thumb/v7e-m+fp/hard\libcr_c.a(initio.o) (fclose)
[...]
Memory Configuration

Name             Origin             Length             Attributes
PROGRAM_FLASH    0x00000000         0x00200000         xr
SRAM_UPPER       0x20000000         0x00030000         xrw
SRAM_LOWER       0x1fff0000         0x00010000         xrw
FLEX_RAM         0x14000000         0x00001000         xrw
*default*        0x00000000         0xffffffff

Linker script and memory map

LOAD ./utilities/fsl_assert.o
LOAD ./utilities/fsl_debug_console.o
LOAD ./startup/startup_mk66f18.o
LOAD ./source/functions.o
LOAD ./source/i2c_read_accel_value_transfer.o
LOAD ./source/semihost_hardfault.o
LOAD ./drivers/fsl_clock.o
LOAD ./drivers/fsl_common.o
LOAD ./drivers/fsl_common_arm.o
LOAD ./drivers/fsl_ftfx_cache.o
LOAD ./drivers/fsl_ftfx_controller.o
LOAD ./drivers/fsl_ftfx_flash.o
LOAD ./drivers/fsl_ftfx_flexnvm.o
LOAD ./drivers/fsl_gpio.o
LOAD ./drivers/fsl_i2c.o
LOAD ./drivers/fsl_lpuart.o
LOAD ./drivers/fsl_smc.o
LOAD ./drivers/fsl_uart.o
LOAD ./device/system_MK66F18.o
LOAD ./component/uart/fsl_adapter_uart.o
LOAD ./component/lists/fsl_component_generic_list.o
LOAD ./board/board.o
LOAD ./board/clock_config.o
LOAD ./board/peripherals.o
LOAD ./board/pin_mux.o
START GROUP
LOAD C:/nxp/MCUXpressoIDE_11.10.0_3148/ide/plugins/com.nxp.mcuxpresso.tools.win32_11.10.0.202311280810/tools/bin/../lib/gcc/arm-none-eabi/13.2.1/../../../../arm-none-eabi/lib/thumb/v7e-m+fp/hard\libcr_nohost_nf.a
LOAD C:/nxp/MCUXpressoIDE_11.10.0_3148/ide/plugins/com.nxp.mcuxpresso.tools.win32_11.10.0.202311280810/tools/bin/../lib/gcc/arm-none-eabi/13.2.1/../../../../arm-none-eabi/lib/thumb/v7e-m+fp/hard\libcr_c.a
LOAD C:/nxp/MCUXpressoIDE_11.10.0_3148/ide/plugins/com.nxp.mcuxpresso.tools.win32_11.10.0.202311280810/tools/bin/../lib/gcc/arm-none-eabi/13.2.1/thumb/v7e-m+fp/hard\libcr_eabihelpers.a
LOAD C:/nxp/MCUXpressoIDE_11.10.0_3148/ide/plugins/com.nxp.mcuxpresso.tools.win32_11.10.0.202311280810/tools/bin/../lib/gcc/arm-none-eabi/13.2.1/thumb/v7e-m+fp/hard\libgcc.a
END GROUP
                0x00000000                        __base_PROGRAM_FLASH = 0x0
                0x00000000                        __base_Flash = 0x0
                0x00200000                        __top_PROGRAM_FLASH = 0x200000
                0x00200000                        __top_Flash = 0x200000
                0x20000000                        __base_SRAM_UPPER = 0x20000000
                0x20000000                        __base_RAM = 0x20000000
                0x20030000                        __top_SRAM_UPPER = 0x20030000
                0x20030000                        __top_RAM = 0x20030000
                0x1fff0000                        __base_SRAM_LOWER = 0x1fff0000
                0x1fff0000                        __base_RAM2 = 0x1fff0000
                0x20000000                        __top_SRAM_LOWER = 0x20000000
                0x20000000                        __top_RAM2 = 0x20000000
                0x14000000                        __base_FLEX_RAM = 0x14000000
                0x14000000                        __base_RAM3 = 0x14000000
                0x14001000                        __top_FLEX_RAM = 0x14001000
                0x14001000                        __top_RAM3 = 0x14001000

.text           0x00000000     0x5620
 FILL mask 0xff
                0x00000000                        __vectors_start__ = ABSOLUTE (.)
 *(SORT_BY_ALIGNMENT(.isr_vector))
 .isr_vector    0x00000000      0x1d0 ./startup/startup_mk66f18.o
                0x00000000                g_pfnVectors
                0x00000000                __Vectors
                0x000001d0                        . = ALIGN (0x4)
                0x000001d0                        __section_table_start = .
                0x000001d0                        __data_section_table = .
                0x000001d0        0x4 LONG 0x5620 LOADADDR (.data)
                0x000001d4        0x4 LONG 0x20000000 ADDR (.data)
                0x000001d8        0x4 LONG 0x10 SIZEOF (.data)
                0x000001dc        0x4 LONG 0x5620 LOADADDR (.data_RAM2)
                0x000001e0        0x4 LONG 0x1fff0000 ADDR (.data_RAM2)
                0x000001e4        0x4 LONG 0x0 SIZEOF (.data_RAM2)
                0x000001e8        0x4 LONG 0x5620 LOADADDR (.data_RAM3)
                0x000001ec        0x4 LONG 0x14000000 ADDR (.data_RAM3)
                0x000001f0        0x4 LONG 0x0 SIZEOF (.data_RAM3)
                0x000001f4                        __data_section_table_end = .
                0x000001f4                        __bss_section_table = .
                0x000001f4        0x4 LONG 0x20000010 ADDR (.bss)
                0x000001f8        0x4 LONG 0x148 SIZEOF (.bss)
                0x000001fc        0x4 LONG 0x1fff0000 ADDR (.bss_RAM2)
                0x00000200        0x4 LONG 0x0 SIZEOF (.bss_RAM2)
                0x00000204        0x4 LONG 0x14000000 ADDR (.bss_RAM3)
                0x00000208        0x4 LONG 0x0 SIZEOF (.bss_RAM3)
                0x0000020c                        __bss_section_table_end = .
                0x0000020c                        __section_table_end = .
 *(SORT_BY_ALIGNMENT(.after_vectors*))
 .after_vectors.reset
                0x0000020c       0x4c ./startup/startup_mk66f18.o
                0x0000020c                ResetISR
 .after_vectors.init_data
                0x00000258       0x1e ./startup/startup_mk66f18.o
                0x00000258                data_init
 .after_vectors.init_bss
                0x00000276       0x12 ./startup/startup_mk66f18.o
                0x00000276                bss_init
 .after_vectors
                0x00000288       0x14 ./startup/startup_mk66f18.o
                0x00000288                NMI_Handler
                0x0000028c                MemManage_Handler
                0x0000028e                BusFault_Handler
                0x00000290                UsageFault_Handler
                0x00000292                SVC_Handler
                0x00000294                DebugMon_Handler
                0x00000296                PendSV_Handler
                0x00000298                SysTick_Handler
                0x0000029a                DMA_Error_DriverIRQHandler
                0x0000029a                FTM1_DriverIRQHandler
                0x0000029a                FTM2_DriverIRQHandler
                0x0000029a                PIT2_DriverIRQHandler
                0x0000029a                TPM2_DriverIRQHandler
                0x0000029a                SDHC_DriverIRQHandler
                0x0000029a                DMA7_DMA23_DriverIRQHandler
                0x0000029a                I2S0_Tx_DriverIRQHandler
                0x0000029a                TSI0_DriverIRQHandler
                0x0000029a                RTC_Seconds_DriverIRQHandler
                0x0000029a                CMP3_DriverIRQHandler
                0x0000029a                LLWU_DriverIRQHandler
                0x0000029a                MCM_DriverIRQHandler
                0x0000029a                DMA14_DMA30_DriverIRQHandler
                0x0000029a                MCG_DriverIRQHandler
                0x0000029a                ENET_1588_Timer_DriverIRQHandler
                0x0000029a                DAC1_DriverIRQHandler
                0x0000029a                LPTMR0_DriverIRQHandler
                0x0000029a                CMP1_DriverIRQHandler
                0x0000029a                USBHSDCD_DriverIRQHandler
                0x0000029a                DMA0_DMA16_DriverIRQHandler
                0x0000029a                FTM0_DriverIRQHandler
                0x0000029a                IntDefaultHandler
                0x0000029a                USB0_DriverIRQHandler
                0x0000029a                PORTC_DriverIRQHandler
                0x0000029a                DMA2_DMA18_DriverIRQHandler
                0x0000029a                DAC0_DriverIRQHandler
                0x0000029a                CMP2_DriverIRQHandler
                0x0000029a                UART2_ERR_DriverIRQHandler
                0x0000029a                SPI2_DriverIRQHandler
                0x0000029a                LVD_LVW_DriverIRQHandler
                0x0000029a                Reserved84_DriverIRQHandler
                0x0000029a                SPI1_DriverIRQHandler
                0x0000029a                RNG_DriverIRQHandler
                0x0000029a                USBDCD_DriverIRQHandler
                0x0000029a                UART3_ERR_DriverIRQHandler
                0x0000029a                DMA12_DMA28_DriverIRQHandler
                0x0000029a                DMA10_DMA26_DriverIRQHandler
                0x0000029a                UART0_ERR_DriverIRQHandler
                0x0000029a                CMT_DriverIRQHandler
                0x0000029a                Reserved71_DriverIRQHandler
                0x0000029a                ADC1_DriverIRQHandler
                0x0000029a                PORTA_DriverIRQHandler
                0x0000029a                DMA1_DMA17_DriverIRQHandler
                0x0000029a                PIT3_DriverIRQHandler
                0x0000029a                PIT1_DriverIRQHandler
                0x0000029a                TPM1_DriverIRQHandler
                0x0000029a                WDOG_EWM_DriverIRQHandler
                0x0000029a                PDB0_DriverIRQHandler
                0x0000029a                DMA8_DMA24_DriverIRQHandler
                0x0000029a                DMA6_DMA22_DriverIRQHandler
                0x0000029a                RTC_DriverIRQHandler
                0x0000029a                I2S0_Rx_DriverIRQHandler
                0x0000029a                Read_Collision_DriverIRQHandler
                0x0000029a                SWI_DriverIRQHandler
                0x0000029a                UART4_ERR_DriverIRQHandler
                0x0000029a                PORTB_DriverIRQHandler
                0x0000029a                DMA13_DMA29_DriverIRQHandler
                0x0000029a                DMA11_DMA27_DriverIRQHandler
                0x0000029a                DMA4_DMA20_DriverIRQHandler
                0x0000029a                DMA9_DMA25_DriverIRQHandler
                0x0000029a                ENET_Receive_DriverIRQHandler
                0x0000029a                DMA3_DMA19_DriverIRQHandler
                0x0000029a                ENET_Error_DriverIRQHandler
                0x0000029a                Reserved85_DriverIRQHandler
                0x0000029a                SPI0_DriverIRQHandler
                0x0000029a                ADC0_DriverIRQHandler
                0x0000029a                USBHS_DriverIRQHandler
                0x0000029a                CMP0_DriverIRQHandler
                0x0000029a                CAN0_DriverIRQHandler
                0x0000029a                FTM3_DriverIRQHandler
                0x0000029a                DMA5_DMA21_DriverIRQHandler
                0x0000029a                PIT0_DriverIRQHandler
                0x0000029a                DMA15_DMA31_DriverIRQHandler
                0x0000029a                UART1_ERR_DriverIRQHandler
                0x0000029a                ENET_Transmit_DriverIRQHandler
                0x0000029a                PORTD_DriverIRQHandler
                0x0000029a                Reserved46_DriverIRQHandler
                0x0000029a                PORTE_DriverIRQHandler
                0x0000029a                FTFE_DriverIRQHandler
                0x0000029a                CAN1_DriverIRQHandler
                0x00000400                        . = 0x400
 *fill*         0x0000029c      0x164 ff
                0x00000400                        PROVIDE (__FLASH_CONFIG_START__ = .)
 *(SORT_BY_ALIGNMENT(.FlashConfig))
 .FlashConfig   0x00000400       0x10 ./startup/startup_mk66f18.o
                0x00000400                Flash_Config
                0x00000410                        PROVIDE (__FLASH_CONFIG_END__ = .)
                0x00000001                        ASSERT (! ((__FLASH_CONFIG_START__ == __FLASH_CONFIG_END__)), Linker Flash Config Support Enabled, but no .FlashConfig section provided within application)
 *(SORT_BY_ALIGNMENT(.text*))
 .text.__assertion_failed
                0x00000410       0x18 ./utilities/fsl_assert.o
                0x00000410                __assertion_failed
 .text.DbgConsole_Init
                0x00000428       0x74 ./utilities/fsl_debug_console.o
                0x00000428                DbgConsole_Init
 .text.DbgConsole_Vprintf
                0x0000049c       0x3c ./utilities/fsl_debug_console.o
                0x0000049c                DbgConsole_Vprintf
 .text.DbgConsole_Putchar
                0x000004d8       0x30 ./utilities/fsl_debug_console.o
                0x000004d8                DbgConsole_Putchar
 .text.DbgConsole_PrintfFormattedData
                0x00000508      0x9d8 ./utilities/fsl_debug_console.o
 .text          0x00000ee0       0xcc ./source/functions.o
                0x00000ee0                ConfigureLEDs
                0x00000f10                ToggleLED
                0x00000f2c                TurnOffBlueLED
                0x00000f38                SetLEDsHigh
                0x00000f4e                ConfigureRedLED
                0x00000f6c                TurnOnRedLED
                0x00000f78                TurnOffRedLED
 .text.__NVIC_EnableIRQ
                0x00000fac       0x3c ./source/i2c_read_accel_value_transfer.o
 .text.PORT_SetPinConfig
                0x00000fe8       0x38 ./source/i2c_read_accel_value_transfer.o
 .text.BOARD_I2C_ReleaseBus
                0x00001020       0xf8 ./source/i2c_read_accel_value_transfer.o
                0x00001020                BOARD_I2C_ReleaseBus
 .text.i2c_master_callback
                0x00001118       0x48 ./source/i2c_read_accel_value_transfer.o
 .text.I2C_InitModule
                0x00001160       0x3c ./source/i2c_read_accel_value_transfer.o
 .text.I2C_ReadAccelWhoAmI
                0x0000119c      0x1d4 ./source/i2c_read_accel_value_transfer.o
 .text.I2C_WriteAccelReg
                0x00001370       0xa8 ./source/i2c_read_accel_value_transfer.o
 .text.I2C_ReadAccelRegs
                0x00001418       0xa0 ./source/i2c_read_accel_value_transfer.o
 .text.ConfigureZAxisInterrupt
                0x000014b8       0x68 ./source/i2c_read_accel_value_transfer.o
                0x000014b8                ConfigureZAxisInterrupt
 .text.DetectPositionChange
                0x00001520       0xa0 ./source/i2c_read_accel_value_transfer.o
                0x00001520                DetectPositionChange
 .text.UpdateLEDs
                0x000015c0       0x60 ./source/i2c_read_accel_value_transfer.o
                0x000015c0                UpdateLEDs
 .text.main     0x00001620      0x2fc ./source/i2c_read_accel_value_transfer.o
                0x00001620                main
 .text.CLOCK_SetEr32kClock
                0x0000191c       0x30 ./drivers/fsl_clock.o
 .text.CLOCK_SetPllFllSelClock
                0x0000194c       0x54 ./drivers/fsl_clock.o
 .text.CLOCK_GetMcgExtClkFreq
                0x000019a0       0x7c ./drivers/fsl_clock.o
 .text.CLOCK_GetFllExtRefClkFreq
                0x00001a1c       0xb0 ./drivers/fsl_clock.o
 .text.CLOCK_GetInternalRefClkSelectFreq
                0x00001acc       0x4c ./drivers/fsl_clock.o
 .text.CLOCK_GetFllRefClkFreq
                0x00001b18       0x34 ./drivers/fsl_clock.o
 .text.CLOCK_GetOscRangeFromFreq
                0x00001b4c       0x3c ./drivers/fsl_clock.o
 .text.CLOCK_GetOsc0ErClkUndivFreq
                0x00001b88       0x44 ./drivers/fsl_clock.o
                0x00001b88                CLOCK_GetOsc0ErClkUndivFreq
 .text.CLOCK_GetOsc0ErClkDivFreq
                0x00001bcc       0x58 ./drivers/fsl_clock.o
                0x00001bcc                CLOCK_GetOsc0ErClkDivFreq
 .text.CLOCK_GetEr32kClkFreq
                0x00001c24       0x74 ./drivers/fsl_clock.o
                0x00001c24                CLOCK_GetEr32kClkFreq
 .text.CLOCK_GetPllFllSelClkFreq
                0x00001c98       0x90 ./drivers/fsl_clock.o
                0x00001c98                CLOCK_GetPllFllSelClkFreq
 .text.CLOCK_GetCoreSysClkFreq
                0x00001d28       0x28 ./drivers/fsl_clock.o
                0x00001d28                CLOCK_GetCoreSysClkFreq
 .text.CLOCK_GetFreq
                0x00001d50      0x148 ./drivers/fsl_clock.o
                0x00001d50                CLOCK_GetFreq
 .text.CLOCK_SetSimConfig
                0x00001e98       0x40 ./drivers/fsl_clock.o
                0x00001e98                CLOCK_SetSimConfig
 .text.CLOCK_GetOutClkFreq
                0x00001ed8       0x90 ./drivers/fsl_clock.o
                0x00001ed8                CLOCK_GetOutClkFreq
 .text.CLOCK_GetFllFreq
                0x00001f68       0x84 ./drivers/fsl_clock.o
                0x00001f68                CLOCK_GetFllFreq
 .text.CLOCK_GetInternalRefClkFreq
                0x00001fec       0x30 ./drivers/fsl_clock.o
                0x00001fec                CLOCK_GetInternalRefClkFreq
 .text.CLOCK_GetPll0Freq
                0x0000201c       0x7c ./drivers/fsl_clock.o
                0x0000201c                CLOCK_GetPll0Freq
 .text.CLOCK_GetExtPllFreq
                0x00002098       0x18 ./drivers/fsl_clock.o
                0x00002098                CLOCK_GetExtPllFreq
 .text.CLOCK_SetExternalRefClkConfig
                0x000020b0       0x6c ./drivers/fsl_clock.o
                0x000020b0                CLOCK_SetExternalRefClkConfig
 .text.CLOCK_SetInternalRefClkConfig
                0x0000211c      0x104 ./drivers/fsl_clock.o
                0x0000211c                CLOCK_SetInternalRefClkConfig
 .text.CLOCK_EnablePll0
                0x00002220       0x88 ./drivers/fsl_clock.o
                0x00002220                CLOCK_EnablePll0
 .text.CLOCK_InitOsc0
                0x000022a8       0x8c ./drivers/fsl_clock.o
                0x000022a8                CLOCK_InitOsc0
 .text.CLOCK_SetPbeMode
                0x00002334       0xe8 ./drivers/fsl_clock.o
                0x00002334                CLOCK_SetPbeMode
 .text.CLOCK_BootToPeeMode
                0x0000241c       0x68 ./drivers/fsl_clock.o
                0x0000241c                CLOCK_BootToPeeMode
 .text.SDK_DelayAtLeastUs
                0x00002484       0x8c ./drivers/fsl_common_arm.o
                0x00002484                SDK_DelayAtLeastUs
 .text.GPIO_PinInit
                0x00002510       0x64 ./drivers/fsl_gpio.o
                0x00002510                GPIO_PinInit
 .text.__NVIC_EnableIRQ
                0x00002574       0x3c ./drivers/fsl_i2c.o
 .text.I2C_GetInstance
                0x000025b0       0x4c ./drivers/fsl_i2c.o
                0x000025b0                I2C_GetInstance
 .text.I2C_MasterTransferRunStateMachine
                0x000025fc      0x24c ./drivers/fsl_i2c.o
 .text.I2C_TransferCommonIRQHandler
                0x00002848       0x58 ./drivers/fsl_i2c.o
 .text.I2C_MasterInit
                0x000028a0       0xe4 ./drivers/fsl_i2c.o
                0x000028a0                I2C_MasterInit
 .text.I2C_MasterGetDefaultConfig
                0x00002984       0x48 ./drivers/fsl_i2c.o
                0x00002984                I2C_MasterGetDefaultConfig
 .text.I2C_MasterSetBaudRate
                0x000029cc       0xe8 ./drivers/fsl_i2c.o
                0x000029cc                I2C_MasterSetBaudRate
 .text.I2C_MasterTransferCreateHandle
                0x00002ab4       0x74 ./drivers/fsl_i2c.o
                0x00002ab4                I2C_MasterTransferCreateHandle
 .text.I2C_MasterTransferNonBlocking
                0x00002b28       0x64 ./drivers/fsl_i2c.o
                0x00002b28                I2C_MasterTransferNonBlocking
 .text.I2C_MasterTransferHandleIRQ
                0x00002b8c       0xb4 ./drivers/fsl_i2c.o
                0x00002b8c                I2C_MasterTransferHandleIRQ
 .text.I2C0_DriverIRQHandler
                0x00002c40       0x1c ./drivers/fsl_i2c.o
                0x00002c40                I2C0_DriverIRQHandler
 .text.I2C1_DriverIRQHandler
                0x00002c5c       0x1c ./drivers/fsl_i2c.o
                0x00002c5c                I2C1_DriverIRQHandler
 .text.I2C2_DriverIRQHandler
                0x00002c78       0x1c ./drivers/fsl_i2c.o
                0x00002c78                I2C2_DriverIRQHandler
 .text.I2C3_DriverIRQHandler
                0x00002c94       0x1c ./drivers/fsl_i2c.o
                0x00002c94                I2C3_DriverIRQHandler
 .text.LPUART0_DriverIRQHandler
                0x00002cb0       0x28 ./drivers/fsl_lpuart.o
                0x00002cb0                LPUART0_DriverIRQHandler
 .text.UART_GetInstance
                0x00002cd8       0x54 ./drivers/fsl_uart.o
                0x00002cd8                UART_GetInstance
 .text.UART_Init
                0x00002d2c      0x2f4 ./drivers/fsl_uart.o
                0x00002d2c                UART_Init
 .text.UART_GetDefaultConfig
                0x00003020       0x68 ./drivers/fsl_uart.o
                0x00003020                UART_GetDefaultConfig
 .text.UART_ReadBlocking
                0x00003088       0xfc ./drivers/fsl_uart.o
                0x00003088                UART_ReadBlocking
 .text.UART0_DriverIRQHandler
                0x00003184       0x28 ./drivers/fsl_uart.o
                0x00003184                UART0_DriverIRQHandler
 .text.UART1_DriverIRQHandler
                0x000031ac       0x28 ./drivers/fsl_uart.o
                0x000031ac                UART1_DriverIRQHandler
 .text.UART2_DriverIRQHandler
                0x000031d4       0x28 ./drivers/fsl_uart.o
                0x000031d4                UART2_DriverIRQHandler
 .text.UART3_DriverIRQHandler
                0x000031fc       0x28 ./drivers/fsl_uart.o
                0x000031fc                UART3_DriverIRQHandler
 .text.UART4_DriverIRQHandler
                0x00003224       0x28 ./drivers/fsl_uart.o
                0x00003224                UART4_DriverIRQHandler
 .text.SystemInit
                0x0000324c       0x3c ./device/system_MK66F18.o
                0x0000324c                SystemInit
 .text.HAL_UartInit
                0x00003288      0x128 ./component/uart/fsl_adapter_uart.o
                0x00003288                HAL_UartInit
 .text.HAL_UartReceiveBlocking
                0x000033b0       0x6c ./component/uart/fsl_adapter_uart.o
                0x000033b0                HAL_UartReceiveBlocking
 .text.HAL_UartSendBlocking
                0x0000341c       0x64 ./component/uart/fsl_adapter_uart.o
                0x0000341c                HAL_UartSendBlocking
 .text.CLOCK_SetSimSafeDivs
                0x00003480       0x24 ./board/clock_config.o
 .text.CLOCK_SetXtal0Freq
                0x000034a4       0x20 ./board/clock_config.o
 .text.CLOCK_CONFIG_SetFllExtRefDiv
                0x000034c4       0x3c ./board/clock_config.o
 .text.BOARD_BootClockRUN
                0x00003500       0x60 ./board/clock_config.o
                0x00003500                BOARD_BootClockRUN
 .text.PORT_SetPinConfig
                0x00003560       0x38 ./board/pin_mux.o
 .text.BOARD_InitPins
                0x00003598       0x64 ./board/pin_mux.o
                0x00003598                BOARD_InitPins
 .text.BOARD_I2C_ConfigurePins
                0x000035fc       0x70 ./board/pin_mux.o
                0x000035fc                BOARD_I2C_ConfigurePins
 .text._initio  0x0000366c       0x78 C:/nxp/MCUXpressoIDE_11.10.0_3148/ide/plugins/com.nxp.mcuxpresso.tools.win32_11.10.0.202311280810/tools/bin/../lib/gcc/arm-none-eabi/13.2.1/../../../../arm-none-eabi/lib/thumb/v7e-m+fp/hard\libcr_c.a(initio.o)
                0x0000366c                _initio
 .text.fflush   0x000036e4       0x3c C:/nxp/MCUXpressoIDE_11.10.0_3148/ide/plugins/com.nxp.mcuxpresso.tools.win32_11.10.0.202311280810/tools/bin/../lib/gcc/arm-none-eabi/13.2.1/../../../../arm-none-eabi/lib/thumb/v7e-m+fp/hard\libcr_c.a(fflush.o)
                0x000036e4                fflush
 .text.fseek    0x00003720       0xf8 C:/nxp/MCUXpressoIDE_11.10.0_3148/ide/plugins/com.nxp.mcuxpresso.tools.win32_11.10.0.202311280810/tools/bin/../lib/gcc/arm-none-eabi/13.2.1/../../../../arm-none-eabi/lib/thumb/v7e-m+fp/hard\libcr_c.a(fseek.o)
                0x00003720                fseek
 .text.ftell    0x00003818       0x44 C:/nxp/MCUXpressoIDE_11.10.0_3148/ide/plugins/com.nxp.mcuxpresso.tools.win32_11.10.0.202311280810/tools/bin/../lib/gcc/arm-none-eabi/13.2.1/../../../../arm-none-eabi/lib/thumb/v7e-m+fp/hard\libcr_c.a(ftell.o)
                0x00003818                ftell
 .text._Cwritebuf
                0x0000385c       0x6c C:/nxp/MCUXpressoIDE_11.10.0_3148/ide/plugins/com.nxp.mcuxpresso.tools.win32_11.10.0.202311280810/tools/bin/../lib/gcc/arm-none-eabi/13.2.1/../../../../arm-none-eabi/lib/thumb/v7e-m+fp/hard\libcr_c.a(_writebuf.o)
                0x0000385c                _Cwritebuf
 .text.DbgConsole_Printf
                0x000038c8       0x2c ./utilities/fsl_debug_console.o
                0x000038c8                DbgConsole_Printf
 .text.DbgConsole_PrintfPaddingCharacter
                0x000038f4       0x40 ./utilities/fsl_debug_console.o
 .text.DbgConsole_ConvertRadixNumToString
                0x00003934      0x2b0 ./utilities/fsl_debug_console.o
 .text.DMA0_DMA16_IRQHandler
                0x00003be4        0x8 ./startup/startup_mk66f18.o
                0x00003be4                DMA0_DMA16_IRQHandler
 .text.DMA1_DMA17_IRQHandler
                0x00003bec        0x8 ./startup/startup_mk66f18.o
                0x00003bec                DMA1_DMA17_IRQHandler
 .text.DMA2_DMA18_IRQHandler
                0x00003bf4        0x8 ./startup/startup_mk66f18.o
                0x00003bf4                DMA2_DMA18_IRQHandler
 .text.DMA3_DMA19_IRQHandler
                0x00003bfc        0x8 ./startup/startup_mk66f18.o
                0x00003bfc                DMA3_DMA19_IRQHandler
 .text.DMA4_DMA20_IRQHandler
                0x00003c04        0x8 ./startup/startup_mk66f18.o
                0x00003c04                DMA4_DMA20_IRQHandler
 .text.DMA5_DMA21_IRQHandler
                0x00003c0c        0x8 ./startup/startup_mk66f18.o
                0x00003c0c                DMA5_DMA21_IRQHandler
 .text.DMA6_DMA22_IRQHandler
                0x00003c14        0x8 ./startup/startup_mk66f18.o
                0x00003c14                DMA6_DMA22_IRQHandler
 .text.DMA7_DMA23_IRQHandler
                0x00003c1c        0x8 ./startup/startup_mk66f18.o
                0x00003c1c                DMA7_DMA23_IRQHandler
 .text.DMA8_DMA24_IRQHandler
                0x00003c24        0x8 ./startup/startup_mk66f18.o
                0x00003c24                DMA8_DMA24_IRQHandler
 .text.DMA9_DMA25_IRQHandler
                0x00003c2c        0x8 ./startup/startup_mk66f18.o
                0x00003c2c                DMA9_DMA25_IRQHandler
 .text.DMA10_DMA26_IRQHandler
                0x00003c34        0x8 ./startup/startup_mk66f18.o
                0x00003c34                DMA10_DMA26_IRQHandler
 .text.DMA11_DMA27_IRQHandler
                0x00003c3c        0x8 ./startup/startup_mk66f18.o
                0x00003c3c                DMA11_DMA27_IRQHandler
 .text.DMA12_DMA28_IRQHandler
                0x00003c44        0x8 ./startup/startup_mk66f18.o
                0x00003c44                DMA12_DMA28_IRQHandler
 .text.DMA13_DMA29_IRQHandler
                0x00003c4c        0x8 ./startup/startup_mk66f18.o
                0x00003c4c                DMA13_DMA29_IRQHandler
 .text.DMA14_DMA30_IRQHandler
                0x00003c54        0x8 ./startup/startup_mk66f18.o
                0x00003c54                DMA14_DMA30_IRQHandler
 .text.DMA15_DMA31_IRQHandler
                0x00003c5c        0x8 ./startup/startup_mk66f18.o
                0x00003c5c                DMA15_DMA31_IRQHandler
 .text.DMA_Error_IRQHandler
                0x00003c64        0x8 ./startup/startup_mk66f18.o
                0x00003c64                DMA_Error_IRQHandler
 .text.MCM_IRQHandler
                0x00003c6c        0x8 ./startup/startup_mk66f18.o
                0x00003c6c                MCM_IRQHandler
 .text.FTFE_IRQHandler
                0x00003c74        0x8 ./startup/startup_mk66f18.o
                0x00003c74                FTFE_IRQHandler
 .text.Read_Collision_IRQHandler
                0x00003c7c        0x8 ./startup/startup_mk66f18.o
                0x00003c7c                Read_Collision_IRQHandler
 .text.LVD_LVW_IRQHandler
                0x00003c84        0x8 ./startup/startup_mk66f18.o
                0x00003c84                LVD_LVW_IRQHandler
 .text.LLWU_IRQHandler
                0x00003c8c        0x8 ./startup/startup_mk66f18.o
                0x00003c8c                LLWU_IRQHandler
 .text.WDOG_EWM_IRQHandler
                0x00003c94        0x8 ./startup/startup_mk66f18.o
                0x00003c94                WDOG_EWM_IRQHandler
 .text.RNG_IRQHandler
                0x00003c9c        0x8 ./startup/startup_mk66f18.o
                0x00003c9c                RNG_IRQHandler
 .text.I2C0_IRQHandler
                0x00003ca4        0x8 ./startup/startup_mk66f18.o
                0x00003ca4                I2C0_IRQHandler
 .text.I2C1_IRQHandler
                0x00003cac        0x8 ./startup/startup_mk66f18.o
                0x00003cac                I2C1_IRQHandler
 .text.SPI0_IRQHandler
                0x00003cb4        0x8 ./startup/startup_mk66f18.o
                0x00003cb4                SPI0_IRQHandler
 .text.SPI1_IRQHandler
                0x00003cbc        0x8 ./startup/startup_mk66f18.o
                0x00003cbc                SPI1_IRQHandler
 .text.I2S0_Tx_IRQHandler
                0x00003cc4        0x8 ./startup/startup_mk66f18.o
                0x00003cc4                I2S0_Tx_IRQHandler
 .text.I2S0_Rx_IRQHandler
                0x00003ccc        0x8 ./startup/startup_mk66f18.o
                0x00003ccc                I2S0_Rx_IRQHandler
 .text.Reserved46_IRQHandler
                0x00003cd4        0x8 ./startup/startup_mk66f18.o
                0x00003cd4                Reserved46_IRQHandler
 .text.UART0_RX_TX_IRQHandler
                0x00003cdc        0x8 ./startup/startup_mk66f18.o
                0x00003cdc                UART0_RX_TX_IRQHandler
 .text.UART0_ERR_IRQHandler
                0x00003ce4        0x8 ./startup/startup_mk66f18.o
                0x00003ce4                UART0_ERR_IRQHandler
 .text.UART1_RX_TX_IRQHandler
                0x00003cec        0x8 ./startup/startup_mk66f18.o
                0x00003cec                UART1_RX_TX_IRQHandler
 .text.UART1_ERR_IRQHandler
                0x00003cf4        0x8 ./startup/startup_mk66f18.o
                0x00003cf4                UART1_ERR_IRQHandler
 .text.UART2_RX_TX_IRQHandler
                0x00003cfc        0x8 ./startup/startup_mk66f18.o
                0x00003cfc                UART2_RX_TX_IRQHandler
 .text.UART2_ERR_IRQHandler
                0x00003d04        0x8 ./startup/startup_mk66f18.o
                0x00003d04                UART2_ERR_IRQHandler
 .text.UART3_RX_TX_IRQHandler
                0x00003d0c        0x8 ./startup/startup_mk66f18.o
                0x00003d0c                UART3_RX_TX_IRQHandler
 .text.UART3_ERR_IRQHandler
                0x00003d14        0x8 ./startup/startup_mk66f18.o
                0x00003d14                UART3_ERR_IRQHandler
 .text.ADC0_IRQHandler
                0x00003d1c        0x8 ./startup/startup_mk66f18.o
                0x00003d1c                ADC0_IRQHandler
 .text.CMP0_IRQHandler
                0x00003d24        0x8 ./startup/startup_mk66f18.o
                0x00003d24                CMP0_IRQHandler
 .text.CMP1_IRQHandler
                0x00003d2c        0x8 ./startup/startup_mk66f18.o
                0x00003d2c                CMP1_IRQHandler
 .text.FTM0_IRQHandler
                0x00003d34        0x8 ./startup/startup_mk66f18.o
                0x00003d34                FTM0_IRQHandler
 .text.FTM1_IRQHandler
                0x00003d3c        0x8 ./startup/startup_mk66f18.o
                0x00003d3c                FTM1_IRQHandler
 .text.FTM2_IRQHandler
                0x00003d44        0x8 ./startup/startup_mk66f18.o
                0x00003d44                FTM2_IRQHandler
 .text.CMT_IRQHandler
                0x00003d4c        0x8 ./startup/startup_mk66f18.o
                0x00003d4c                CMT_IRQHandler
 .text.RTC_IRQHandler
                0x00003d54        0x8 ./startup/startup_mk66f18.o
                0x00003d54                RTC_IRQHandler
 .text.RTC_Seconds_IRQHandler
                0x00003d5c        0x8 ./startup/startup_mk66f18.o
                0x00003d5c                RTC_Seconds_IRQHandler
 .text.PIT0_IRQHandler
                0x00003d64        0x8 ./startup/startup_mk66f18.o
                0x00003d64                PIT0_IRQHandler
 .text.PIT1_IRQHandler
                0x00003d6c        0x8 ./startup/startup_mk66f18.o
                0x00003d6c                PIT1_IRQHandler
 .text.PIT2_IRQHandler
                0x00003d74        0x8 ./startup/startup_mk66f18.o
                0x00003d74                PIT2_IRQHandler
 .text.PIT3_IRQHandler
                0x00003d7c        0x8 ./startup/startup_mk66f18.o
                0x00003d7c                PIT3_IRQHandler
 .text.PDB0_IRQHandler
                0x00003d84        0x8 ./startup/startup_mk66f18.o
                0x00003d84                PDB0_IRQHandler
 .text.USB0_IRQHandler
                0x00003d8c        0x8 ./startup/startup_mk66f18.o
                0x00003d8c                USB0_IRQHandler
 .text.USBDCD_IRQHandler
                0x00003d94        0x8 ./startup/startup_mk66f18.o
                0x00003d94                USBDCD_IRQHandler
 .text.Reserved71_IRQHandler
                0x00003d9c        0x8 ./startup/startup_mk66f18.o
                0x00003d9c                Reserved71_IRQHandler
 .text.DAC0_IRQHandler
                0x00003da4        0x8 ./startup/startup_mk66f18.o
                0x00003da4                DAC0_IRQHandler
 .text.MCG_IRQHandler
                0x00003dac        0x8 ./startup/startup_mk66f18.o
                0x00003dac                MCG_IRQHandler
 .text.LPTMR0_IRQHandler
                0x00003db4        0x8 ./startup/startup_mk66f18.o
                0x00003db4                LPTMR0_IRQHandler
 .text.PORTA_IRQHandler
                0x00003dbc        0x8 ./startup/startup_mk66f18.o
                0x00003dbc                PORTA_IRQHandler
 .text.PORTB_IRQHandler
                0x00003dc4        0x8 ./startup/startup_mk66f18.o
                0x00003dc4                PORTB_IRQHandler
 .text.PORTC_IRQHandler
                0x00003dcc        0x8 ./startup/startup_mk66f18.o
                0x00003dcc                PORTC_IRQHandler
 .text.PORTD_IRQHandler
                0x00003dd4        0x8 ./startup/startup_mk66f18.o
                0x00003dd4                PORTD_IRQHandler
 .text.PORTE_IRQHandler
                0x00003ddc        0x8 ./startup/startup_mk66f18.o
                0x00003ddc                PORTE_IRQHandler
 .text.SWI_IRQHandler
                0x00003de4        0x8 ./startup/startup_mk66f18.o
                0x00003de4                SWI_IRQHandler
 .text.SPI2_IRQHandler
                0x00003dec        0x8 ./startup/startup_mk66f18.o
                0x00003dec                SPI2_IRQHandler
 .text.UART4_RX_TX_IRQHandler
                0x00003df4        0x8 ./startup/startup_mk66f18.o
                0x00003df4                UART4_RX_TX_IRQHandler
 .text.UART4_ERR_IRQHandler
                0x00003dfc        0x8 ./startup/startup_mk66f18.o
                0x00003dfc                UART4_ERR_IRQHandler
 .text.Reserved84_IRQHandler
                0x00003e04        0x8 ./startup/startup_mk66f18.o
                0x00003e04                Reserved84_IRQHandler
 .text.Reserved85_IRQHandler
                0x00003e0c        0x8 ./startup/startup_mk66f18.o
                0x00003e0c                Reserved85_IRQHandler
 .text.CMP2_IRQHandler
                0x00003e14        0x8 ./startup/startup_mk66f18.o
                0x00003e14                CMP2_IRQHandler
 .text.FTM3_IRQHandler
                0x00003e1c        0x8 ./startup/startup_mk66f18.o
                0x00003e1c                FTM3_IRQHandler
 .text.DAC1_IRQHandler
                0x00003e24        0x8 ./startup/startup_mk66f18.o
                0x00003e24                DAC1_IRQHandler
 .text.ADC1_IRQHandler
                0x00003e2c        0x8 ./startup/startup_mk66f18.o
                0x00003e2c                ADC1_IRQHandler
 .text.I2C2_IRQHandler
                0x00003e34        0x8 ./startup/startup_mk66f18.o
                0x00003e34                I2C2_IRQHandler
 .text.CAN0_ORed_Message_buffer_IRQHandler
                0x00003e3c        0x8 ./startup/startup_mk66f18.o
                0x00003e3c                CAN0_ORed_Message_buffer_IRQHandler
 .text.CAN0_Bus_Off_IRQHandler
                0x00003e44        0x8 ./startup/startup_mk66f18.o
                0x00003e44                CAN0_Bus_Off_IRQHandler
 .text.CAN0_Error_IRQHandler
                0x00003e4c        0x8 ./startup/startup_mk66f18.o
                0x00003e4c                CAN0_Error_IRQHandler
 .text.CAN0_Tx_Warning_IRQHandler
                0x00003e54        0x8 ./startup/startup_mk66f18.o
                0x00003e54                CAN0_Tx_Warning_IRQHandler
 .text.CAN0_Rx_Warning_IRQHandler
                0x00003e5c        0x8 ./startup/startup_mk66f18.o
                0x00003e5c                CAN0_Rx_Warning_IRQHandler
 .text.CAN0_Wake_Up_IRQHandler
                0x00003e64        0x8 ./startup/startup_mk66f18.o
                0x00003e64                CAN0_Wake_Up_IRQHandler
 .text.SDHC_IRQHandler
                0x00003e6c        0x8 ./startup/startup_mk66f18.o
                0x00003e6c                SDHC_IRQHandler
 .text.ENET_1588_Timer_IRQHandler
                0x00003e74        0x8 ./startup/startup_mk66f18.o
                0x00003e74                ENET_1588_Timer_IRQHandler
 .text.ENET_Transmit_IRQHandler
                0x00003e7c        0x8 ./startup/startup_mk66f18.o
                0x00003e7c                ENET_Transmit_IRQHandler
 .text.ENET_Receive_IRQHandler
                0x00003e84        0x8 ./startup/startup_mk66f18.o
                0x00003e84                ENET_Receive_IRQHandler
 .text.ENET_Error_IRQHandler
                0x00003e8c        0x8 ./startup/startup_mk66f18.o
                0x00003e8c                ENET_Error_IRQHandler
 .text.LPUART0_IRQHandler
                0x00003e94        0x8 ./startup/startup_mk66f18.o
                0x00003e94                LPUART0_IRQHandler
 .text.TSI0_IRQHandler
                0x00003e9c        0x8 ./startup/startup_mk66f18.o
                0x00003e9c                TSI0_IRQHandler
 .text.TPM1_IRQHandler
                0x00003ea4        0x8 ./startup/startup_mk66f18.o
                0x00003ea4                TPM1_IRQHandler
 .text.TPM2_IRQHandler
                0x00003eac        0x8 ./startup/startup_mk66f18.o
                0x00003eac                TPM2_IRQHandler
 .text.USBHSDCD_IRQHandler
                0x00003eb4        0x8 ./startup/startup_mk66f18.o
                0x00003eb4                USBHSDCD_IRQHandler
 .text.I2C3_IRQHandler
                0x00003ebc        0x8 ./startup/startup_mk66f18.o
                0x00003ebc                I2C3_IRQHandler
 .text.CMP3_IRQHandler
                0x00003ec4        0x8 ./startup/startup_mk66f18.o
                0x00003ec4                CMP3_IRQHandler
 .text.USBHS_IRQHandler
                0x00003ecc        0x8 ./startup/startup_mk66f18.o
                0x00003ecc                USBHS_IRQHandler
 .text.CAN1_ORed_Message_buffer_IRQHandler
                0x00003ed4        0x8 ./startup/startup_mk66f18.o
                0x00003ed4                CAN1_ORed_Message_buffer_IRQHandler
 .text.CAN1_Bus_Off_IRQHandler
                0x00003edc        0x8 ./startup/startup_mk66f18.o
                0x00003edc                CAN1_Bus_Off_IRQHandler
 .text.CAN1_Error_IRQHandler
                0x00003ee4        0x8 ./startup/startup_mk66f18.o
                0x00003ee4                CAN1_Error_IRQHandler
 .text.CAN1_Tx_Warning_IRQHandler
                0x00003eec        0x8 ./startup/startup_mk66f18.o
                0x00003eec                CAN1_Tx_Warning_IRQHandler
 .text.CAN1_Rx_Warning_IRQHandler
                0x00003ef4        0x8 ./startup/startup_mk66f18.o
                0x00003ef4                CAN1_Rx_Warning_IRQHandler
 .text.CAN1_Wake_Up_IRQHandler
                0x00003efc        0x8 ./startup/startup_mk66f18.o
                0x00003efc                CAN1_Wake_Up_IRQHandler
 .text.CLOCK_EnableClock
                0x00003f04       0x34 ./source/i2c_read_accel_value_transfer.o
 .text.EnableIRQ
                0x00003f38       0x32 ./source/i2c_read_accel_value_transfer.o
 .text.GPIO_PinWrite
                0x00003f6a       0x36 ./source/i2c_read_accel_value_transfer.o
 .text.PORT_SetPinInterruptConfig
                0x00003fa0       0x3a ./source/i2c_read_accel_value_transfer.o
 .text.i2c_release_bus_delay
                0x00003fda       0x2c ./source/i2c_read_accel_value_transfer.o
 .text.HardFault_Handler
                0x00004006       0x36 ./source/semihost_hardfault.o
                0x00004006                HardFault_Handler
 .text.OSC_SetExtRefClkConfig
                0x0000403c       0x40 ./drivers/fsl_clock.o
 .text.OSC_SetCapLoad
                0x0000407c       0x34 ./drivers/fsl_clock.o
 .text.CLOCK_GetPll0RefFreq
                0x000040b0        0xe ./drivers/fsl_clock.o
 .text.CLOCK_GetFixedFreqClkFreq
                0x000040be       0x34 ./drivers/fsl_clock.o
                0x000040be                CLOCK_GetFixedFreqClkFreq
 .text.DelayLoop
                0x000040f2       0x20 ./drivers/fsl_common_arm.o
 .text.GPIO_PinWrite
                0x00004112       0x36 ./drivers/fsl_gpio.o
 .text.CLOCK_EnableClock
                0x00004148       0x34 ./drivers/fsl_i2c.o
 .text.EnableIRQ
                0x0000417c       0x32 ./drivers/fsl_i2c.o
 .text.I2C_MasterClearStatusFlags
                0x000041ae       0x5a ./drivers/fsl_i2c.o
 .text.I2C_InitTransferStateMachine
                0x00004208       0xd4 ./drivers/fsl_i2c.o
 .text.I2C_CheckAndClearError
                0x000042dc       0x44 ./drivers/fsl_i2c.o
 .text.I2C_EnableInterrupts
                0x00004320       0x56 ./drivers/fsl_i2c.o
                0x00004320                I2C_EnableInterrupts
 .text.I2C_DisableInterrupts
                0x00004376       0x4a ./drivers/fsl_i2c.o
                0x00004376                I2C_DisableInterrupts
 .text.I2C_MasterStart
                0x000043c0       0x62 ./drivers/fsl_i2c.o
                0x000043c0                I2C_MasterStart
 .text.I2C_MasterRepeatedStart
                0x00004422       0x9a ./drivers/fsl_i2c.o
                0x00004422                I2C_MasterRepeatedStart
 .text.I2C_MasterStop
                0x000044bc       0x3a ./drivers/fsl_i2c.o
                0x000044bc                I2C_MasterStop
 .text.I2C_MasterGetStatusFlags
                0x000044f6       0x4a ./drivers/fsl_i2c.o
                0x000044f6                I2C_MasterGetStatusFlags
 .text.CLOCK_EnableClock
                0x00004540       0x34 ./drivers/fsl_uart.o
 .text.UART_GetStatusFlags
                0x00004574       0x48 ./drivers/fsl_uart.o
                0x00004574                UART_GetStatusFlags
 .text.UART_ClearStatusFlags
                0x000045bc       0x80 ./drivers/fsl_uart.o
                0x000045bc                UART_ClearStatusFlags
 .text.UART_WriteBlocking
                0x0000463c       0x50 ./drivers/fsl_uart.o
                0x0000463c                UART_WriteBlocking
 .text.UART0_RX_TX_DriverIRQHandler
                0x0000468c       0x12 ./drivers/fsl_uart.o
                0x0000468c                UART0_RX_TX_DriverIRQHandler
 .text.UART1_RX_TX_DriverIRQHandler
                0x0000469e       0x12 ./drivers/fsl_uart.o
                0x0000469e                UART1_RX_TX_DriverIRQHandler
 .text.UART2_RX_TX_DriverIRQHandler
                0x000046b0       0x12 ./drivers/fsl_uart.o
                0x000046b0                UART2_RX_TX_DriverIRQHandler
 .text.UART3_RX_TX_DriverIRQHandler
                0x000046c2       0x12 ./drivers/fsl_uart.o
                0x000046c2                UART3_RX_TX_DriverIRQHandler
 .text.UART4_RX_TX_DriverIRQHandler
                0x000046d4       0x12 ./drivers/fsl_uart.o
                0x000046d4                UART4_RX_TX_DriverIRQHandler
 .text.SystemInitHook
                0x000046e6        0xe ./device/system_MK66F18.o
                0x000046e6                SystemInitHook
 .text.HAL_UartGetStatus
                0x000046f4       0x22 ./component/uart/fsl_adapter_uart.o
 .text.BOARD_InitDebugConsole
                0x00004716       0x22 ./board/board.o
                0x00004716                BOARD_InitDebugConsole
 .text.BOARD_InitBootClocks
                0x00004738        0xc ./board/clock_config.o
                0x00004738                BOARD_InitBootClocks
 .text.CLOCK_EnableClock
                0x00004744       0x34 ./board/pin_mux.o
 .text.PORT_SetPinMux
                0x00004778       0x3a ./board/pin_mux.o
 .text.BOARD_InitBootPins
                0x000047b2        0xc ./board/pin_mux.o
                0x000047b2                BOARD_InitBootPins
 .text.__main   0x000047be        0xe C:/nxp/MCUXpressoIDE_11.10.0_3148/ide/plugins/com.nxp.mcuxpresso.tools.win32_11.10.0.202311280810/tools/bin/../lib/gcc/arm-none-eabi/13.2.1/../../../../arm-none-eabi/lib/thumb/v7e-m+fp/hard\libcr_nohost_nf.a(_cr__main.o)
                0x000047be                __main
 .text.memcpy   0x000047cc        0x4 C:/nxp/MCUXpressoIDE_11.10.0_3148/ide/plugins/com.nxp.mcuxpresso.tools.win32_11.10.0.202311280810/tools/bin/../lib/gcc/arm-none-eabi/13.2.1/../../../../arm-none-eabi/lib/thumb/v7e-m+fp/hard\libcr_c.a(memcpy.o)
                0x000047cc                memcpy
 .text.memset   0x000047d0        0x4 C:/nxp/MCUXpressoIDE_11.10.0_3148/ide/plugins/com.nxp.mcuxpresso.tools.win32_11.10.0.202311280810/tools/bin/../lib/gcc/arm-none-eabi/13.2.1/../../../../arm-none-eabi/lib/thumb/v7e-m+fp/hard\libcr_c.a(memset.o)
                0x000047d0                memset
 .text.free     0x000047d4       0x30 C:/nxp/MCUXpressoIDE_11.10.0_3148/ide/plugins/com.nxp.mcuxpresso.tools.win32_11.10.0.202311280810/tools/bin/../lib/gcc/arm-none-eabi/13.2.1/../../../../arm-none-eabi/lib/thumb/v7e-m+fp/hard\libcr_c.a(alloc.o)
                0x000047d4                free
 .text.setvbuf  0x00004804       0x3e C:/nxp/MCUXpressoIDE_11.10.0_3148/ide/plugins/com.nxp.mcuxpresso.tools.win32_11.10.0.202311280810/tools/bin/../lib/gcc/arm-none-eabi/13.2.1/../../../../arm-none-eabi/lib/thumb/v7e-m+fp/hard\libcr_c.a(setvbuf.o)
                0x00004804                setvbuf
 .text.abs      0x00004842        0x8 C:/nxp/MCUXpressoIDE_11.10.0_3148/ide/plugins/com.nxp.mcuxpresso.tools.win32_11.10.0.202311280810/tools/bin/../lib/gcc/arm-none-eabi/13.2.1/../../../../arm-none-eabi/lib/thumb/v7e-m+fp/hard\libcr_c.a(stdlib.o)
                0x00004842                abs
 .text.strlen   0x0000484a       0x4e C:/nxp/MCUXpressoIDE_11.10.0_3148/ide/plugins/com.nxp.mcuxpresso.tools.win32_11.10.0.202311280810/tools/bin/../lib/gcc/arm-none-eabi/13.2.1/../../../../arm-none-eabi/lib/thumb/v7e-m+fp/hard\libcr_c.a(strlen.o)
                0x0000484a                strlen
 .text._fdopen  0x00004898       0x68 C:/nxp/MCUXpressoIDE_11.10.0_3148/ide/plugins/com.nxp.mcuxpresso.tools.win32_11.10.0.202311280810/tools/bin/../lib/gcc/arm-none-eabi/13.2.1/../../../../arm-none-eabi/lib/thumb/v7e-m+fp/hard\libcr_c.a(_fdopen.o)
                0x00004898                _fdopen
 .text.fclose   0x00004900       0x58 C:/nxp/MCUXpressoIDE_11.10.0_3148/ide/plugins/com.nxp.mcuxpresso.tools.win32_11.10.0.202311280810/tools/bin/../lib/gcc/arm-none-eabi/13.2.1/../../../../arm-none-eabi/lib/thumb/v7e-m+fp/hard\libcr_c.a(fclose.o)
                0x00004900                fclose
 .text.remove   0x00004958       0x14 C:/nxp/MCUXpressoIDE_11.10.0_3148/ide/plugins/com.nxp.mcuxpresso.tools.win32_11.10.0.202311280810/tools/bin/../lib/gcc/arm-none-eabi/13.2.1/../../../../arm-none-eabi/lib/thumb/v7e-m+fp/hard\libcr_c.a(remove.o)
                0x00004958                remove
 .text._do_fflush
                0x0000496c       0x40 C:/nxp/MCUXpressoIDE_11.10.0_3148/ide/plugins/com.nxp.mcuxpresso.tools.win32_11.10.0.202311280810/tools/bin/../lib/gcc/arm-none-eabi/13.2.1/../../../../arm-none-eabi/lib/thumb/v7e-m+fp/hard\libcr_c.a(_do_fflush.o)
                0x0000496c                _do_fflush
 .text._fflush  0x000049ac       0x52 C:/nxp/MCUXpressoIDE_11.10.0_3148/ide/plugins/com.nxp.mcuxpresso.tools.win32_11.10.0.202311280810/tools/bin/../lib/gcc/arm-none-eabi/13.2.1/../../../../arm-none-eabi/lib/thumb/v7e-m+fp/hard\libcr_c.a(_fflush.o)
                0x000049ac                _fflush
 .text._deferredlazyseek
                0x000049fe       0x40 C:/nxp/MCUXpressoIDE_11.10.0_3148/ide/plugins/com.nxp.mcuxpresso.tools.win32_11.10.0.202311280810/tools/bin/../lib/gcc/arm-none-eabi/13.2.1/../../../../arm-none-eabi/lib/thumb/v7e-m+fp/hard\libcr_c.a(_deferredlazyseek.o)
                0x000049fe                _deferredlazyseek
 .text.__aeabi_division_ldivmod
                0x00004a3e       0x26 C:/nxp/MCUXpressoIDE_11.10.0_3148/ide/plugins/com.nxp.mcuxpresso.tools.win32_11.10.0.202311280810/tools/bin/../lib/gcc/arm-none-eabi/13.2.1/thumb/v7e-m+fp/hard\libcr_eabihelpers.a(division_64.o)
                0x00004a3e                __aeabi_ldivmod
 .text.__aeabi_division_uldivmod
                0x00004a64      0x174 C:/nxp/MCUXpressoIDE_11.10.0_3148/ide/plugins/com.nxp.mcuxpresso.tools.win32_11.10.0.202311280810/tools/bin/../lib/gcc/arm-none-eabi/13.2.1/thumb/v7e-m+fp/hard\libcr_eabihelpers.a(division_64.o)
                0x00004a64                __aeabi_uldivmod
                0x00004a68                __bhs_ldivmod1
 .text.__aeabi_division_idiv0
                0x00004bd8        0x2 C:/nxp/MCUXpressoIDE_11.10.0_3148/ide/plugins/com.nxp.mcuxpresso.tools.win32_11.10.0.202311280810/tools/bin/../lib/gcc/arm-none-eabi/13.2.1/thumb/v7e-m+fp/hard\libcr_eabihelpers.a(division_idiv0.o)
                0x00004bd8                __aeabi_idiv0
 .text.__aeabi_memcpy
                0x00004bda       0x34 C:/nxp/MCUXpressoIDE_11.10.0_3148/ide/plugins/com.nxp.mcuxpresso.tools.win32_11.10.0.202311280810/tools/bin/../lib/gcc/arm-none-eabi/13.2.1/thumb/v7e-m+fp/hard\libcr_eabihelpers.a(memcpy.o)
                0x00004bda                __aeabi_memcpy
                0x00004be4                __aeabi_memcpy8
                0x00004be4                __aeabi_memcpy4
 .text.__aeabi_memset_lowlevel
                0x00004c0e       0x32 C:/nxp/MCUXpressoIDE_11.10.0_3148/ide/plugins/com.nxp.mcuxpresso.tools.win32_11.10.0.202311280810/tools/bin/../lib/gcc/arm-none-eabi/13.2.1/thumb/v7e-m+fp/hard\libcr_eabihelpers.a(memcpy.o)
                0x00004c0e                __aeabi_lowlevel_memset
 .text.__sys_close
                0x00004c40        0x6 C:/nxp/MCUXpressoIDE_11.10.0_3148/ide/plugins/com.nxp.mcuxpresso.tools.win32_11.10.0.202311280810/tools/bin/../lib/gcc/arm-none-eabi/13.2.1/../../../../arm-none-eabi/lib/thumb/v7e-m+fp/hard\libcr_nohost_nf.a(__sys_close.o)
                0x00004c40                __sys_close
 .text.__sys_flen
                0x00004c46        0x6 C:/nxp/MCUXpressoIDE_11.10.0_3148/ide/plugins/com.nxp.mcuxpresso.tools.win32_11.10.0.202311280810/tools/bin/../lib/gcc/arm-none-eabi/13.2.1/../../../../arm-none-eabi/lib/thumb/v7e-m+fp/hard\libcr_nohost_nf.a(__sys_flen.o)
                0x00004c46                __sys_flen
 .text.__sys_istty
                0x00004c4c        0x6 C:/nxp/MCUXpressoIDE_11.10.0_3148/ide/plugins/com.nxp.mcuxpresso.tools.win32_11.10.0.202311280810/tools/bin/../lib/gcc/arm-none-eabi/13.2.1/../../../../arm-none-eabi/lib/thumb/v7e-m+fp/hard\libcr_nohost_nf.a(__sys_istty.o)
                0x00004c4c                __sys_istty
 .text.__sys_remove
                0x00004c52        0x6 C:/nxp/MCUXpressoIDE_11.10.0_3148/ide/plugins/com.nxp.mcuxpresso.tools.win32_11.10.0.202311280810/tools/bin/../lib/gcc/arm-none-eabi/13.2.1/../../../../arm-none-eabi/lib/thumb/v7e-m+fp/hard\libcr_nohost_nf.a(__sys_remove.o)
                0x00004c52                __sys_remove
 .text.__sys_seek
                0x00004c58        0x6 C:/nxp/MCUXpressoIDE_11.10.0_3148/ide/plugins/com.nxp.mcuxpresso.tools.win32_11.10.0.202311280810/tools/bin/../lib/gcc/arm-none-eabi/13.2.1/../../../../arm-none-eabi/lib/thumb/v7e-m+fp/hard\libcr_nohost_nf.a(__sys_seek.o)
                0x00004c58                __sys_seek
 .text.__sys_tmpnam
                0x00004c5e        0x6 C:/nxp/MCUXpressoIDE_11.10.0_3148/ide/plugins/com.nxp.mcuxpresso.tools.win32_11.10.0.202311280810/tools/bin/../lib/gcc/arm-none-eabi/13.2.1/../../../../arm-none-eabi/lib/thumb/v7e-m+fp/hard\libcr_nohost_nf.a(__sys_tmpnam.o)
                0x00004c5e                __sys_tmpnam
 .text.__sys_write
                0x00004c64        0x4 C:/nxp/MCUXpressoIDE_11.10.0_3148/ide/plugins/com.nxp.mcuxpresso.tools.win32_11.10.0.202311280810/tools/bin/../lib/gcc/arm-none-eabi/13.2.1/../../../../arm-none-eabi/lib/thumb/v7e-m+fp/hard\libcr_nohost_nf.a(__sys_write.o)
                0x00004c64                __sys_write
 *(SORT_BY_ALIGNMENT(.rodata) SORT_BY_ALIGNMENT(.rodata.*) SORT_BY_ALIGNMENT(.constdata) SORT_BY_ALIGNMENT(.constdata.*))
 .rodata.__assertion_failed.str1.4
                0x00004c68      0x8a0 ./utilities/fsl_assert.o
                                 0x14 (size before relaxing)
 .rodata.PORT_SetPinConfig.str1.4
                0x00005508       0x8a ./source/i2c_read_accel_value_transfer.o
 .rodata.g_accel_address
                0x00005508        0x4 ./source/i2c_read_accel_value_transfer.o
                0x00005508                g_accel_address
 .rodata.I2C_ReadAccelWhoAmI.str1.4
                0x0000550c      0x184 ./source/i2c_read_accel_value_transfer.o
 .rodata.UpdateLEDs.str1.4
                0x0000550c       0x2f ./source/i2c_read_accel_value_transfer.o
 .rodata.main.str1.4
                0x0000550c       0x92 ./source/i2c_read_accel_value_transfer.o
 .rodata.CLOCK_GetMcgExtClkFreq.str1.4
                0x0000550c       0x49 ./drivers/fsl_clock.o
 .rodata.CLOCK_GetOsc0ErClkUndivFreq.str1.4
                0x0000550c       0x1e ./drivers/fsl_clock.o
 .rodata.CLOCK_GetOsc0ErClkDivFreq.str1.4
                0x0000550c       0x1e ./drivers/fsl_clock.o
 .rodata.CLOCK_GetEr32kClkFreq.str1.4
                0x0000550c       0x1f ./drivers/fsl_clock.o
 .rodata.CLOCK_GetPll0Freq.str1.4
                0x0000550c       0x1d ./drivers/fsl_clock.o
 .rodata.CLOCK_EnablePll0.str1.4
                0x0000550c       0x1a ./drivers/fsl_clock.o
 .rodata.CLOCK_SetPbeMode.str1.4
                0x0000550c       0x1a ./drivers/fsl_clock.o
 .rodata.CLOCK_BootToPeeMode.str1.4
                0x0000550c       0x1a ./drivers/fsl_clock.o
 .rodata.fllFactorTable.1
                0x0000550c       0x10 ./drivers/fsl_clock.o
 .rodata.SDK_DelayAtLeastUs.str1.4
                0x0000551c       0x2b ./drivers/fsl_common_arm.o
 .rodata.GPIO_PinInit.str1.4
                0x0000551c       0x20 ./drivers/fsl_gpio.o
 .rodata.s_i2cDividerTable
                0x0000551c       0x80 ./drivers/fsl_i2c.o
 .rodata.s_i2cIrqs
                0x0000559c        0x4 ./drivers/fsl_i2c.o
 .rodata.s_i2cClocks
                0x000055a0       0x10 ./drivers/fsl_i2c.o
 .rodata.s_i2cBases
                0x000055b0       0x10 ./drivers/fsl_i2c.o
 .rodata.I2C_GetInstance.str1.4
                0x000055c0       0x32 ./drivers/fsl_i2c.o
 .rodata.I2C_MasterTransferRunStateMachine.str1.4
                0x000055c0       0x16 ./drivers/fsl_i2c.o
 .rodata.I2C_MasterInit.str1.4
                0x000055c0       0x4a ./drivers/fsl_i2c.o
 .rodata.I2C_MasterGetDefaultConfig.str1.4
                0x000055c0       0x25 ./drivers/fsl_i2c.o
 .rodata.I2C_MasterTransferCreateHandle.str1.4
                0x000055c0       0x20 ./drivers/fsl_i2c.o
 .rodata.I2C_MasterTransferNonBlocking.str1.4
                0x000055c0       0x3e ./drivers/fsl_i2c.o
 .rodata.I2C_MasterTransferHandleIRQ.str1.4
                0x000055c0       0x23 ./drivers/fsl_i2c.o
 .rodata.s_uartBases
                0x000055c0       0x14 ./drivers/fsl_uart.o
 .rodata.s_uartClock
                0x000055d4       0x14 ./drivers/fsl_uart.o
 .rodata.UART_GetInstance.str1.4
                0x000055e8       0x2b ./drivers/fsl_uart.o
 .rodata.UART_Init.str1.4
                0x000055e8       0xfb ./drivers/fsl_uart.o
 .rodata.UART_GetDefaultConfig.str1.4
                0x000055e8       0x20 ./drivers/fsl_uart.o
 .rodata.UART_ReadBlocking.str1.4
                0x000055e8       0x1e ./drivers/fsl_uart.o
 .rodata.s_UartAdapterBase
                0x000055e8       0x14 ./component/uart/fsl_adapter_uart.o
 .rodata.HAL_UartInit.str1.4
                0x000055fc       0xdd ./component/uart/fsl_adapter_uart.o
 .rodata.HAL_UartReceiveBlocking.str1.4
                0x000055fc       0x60 ./component/uart/fsl_adapter_uart.o
 .rodata.HAL_UartSendBlocking.str1.4
                0x000055fc       0x60 ./component/uart/fsl_adapter_uart.o
 .rodata.mcgConfig_BOARD_BootClockRUN
                0x000055fc        0xc ./board/clock_config.o
                0x000055fc                mcgConfig_BOARD_BootClockRUN
 .rodata.simConfig_BOARD_BootClockRUN
                0x00005608        0x8 ./board/clock_config.o
                0x00005608                simConfig_BOARD_BootClockRUN
 .rodata.oscConfig_BOARD_BootClockRUN
                0x00005610        0x8 ./board/clock_config.o
                0x00005610                oscConfig_BOARD_BootClockRUN
 .rodata.PORT_SetPinConfig.str1.4
                0x00005618       0x8a ./board/pin_mux.o
 .rodata.__num_Ciob_streams
                0x00005618        0x4 C:/nxp/MCUXpressoIDE_11.10.0_3148/ide/plugins/com.nxp.mcuxpresso.tools.win32_11.10.0.202311280810/tools/bin/../lib/gcc/arm-none-eabi/13.2.1/../../../../arm-none-eabi/lib/thumb/v7e-m+fp/hard\libcr_nohost_nf.a(__ciob.o)
                0x00005618                __num_Ciob_streams
 .rodata._initio.str1.1
                0x0000561c        0x4 C:/nxp/MCUXpressoIDE_11.10.0_3148/ide/plugins/com.nxp.mcuxpresso.tools.win32_11.10.0.202311280810/tools/bin/../lib/gcc/arm-none-eabi/13.2.1/../../../../arm-none-eabi/lib/thumb/v7e-m+fp/hard\libcr_c.a(initio.o)
                0x000056e8                        . = ALIGN (0x8)

.glue_7         0x00005620        0x0
 .glue_7        0x00005620        0x0 linker stubs

.glue_7t        0x00005620        0x0
 .glue_7t       0x00005620        0x0 linker stubs

.vfp11_veneer   0x00005620        0x0
 .vfp11_veneer  0x00005620        0x0 linker stubs

.v4_bx          0x00005620        0x0
 .v4_bx         0x00005620        0x0 linker stubs

.iplt           0x00005620        0x0
 .iplt          0x00005620        0x0 ./utilities/fsl_assert.o

.rel.dyn        0x00005620        0x0
 .rel.iplt      0x00005620        0x0 ./utilities/fsl_assert.o

.ARM.extab
 *(SORT_BY_ALIGNMENT(.ARM.extab*) SORT_BY_ALIGNMENT(.gnu.linkonce.armextab.*))

.ARM.exidx      0x00005620        0x0
                0x00005620                        __exidx_start = .
 *(SORT_BY_ALIGNMENT(.ARM.exidx*) SORT_BY_ALIGNMENT(.gnu.linkonce.armexidx.*))
                0x00005620                        __exidx_end = .
                0x00005620                        _etext = .

.m_usb_data
 *(SORT_BY_ALIGNMENT(m_usb_bdt))

.data_RAM2      0x1fff0000        0x0 load address 0x00005620
 FILL mask 0xff
                [!provide]                        PROVIDE (__start_data_RAM2 = .)
                [!provide]                        PROVIDE (__start_data_SRAM_LOWER = .)
 *(SORT_BY_ALIGNMENT(.ramfunc.$RAM2))
 *(SORT_BY_ALIGNMENT(.ramfunc.$SRAM_LOWER))
 *(SORT_BY_ALIGNMENT(NonCacheable.init))
 *(SORT_BY_ALIGNMENT(.data.$RAM2))
 *(SORT_BY_ALIGNMENT(.data.$SRAM_LOWER))
 *(SORT_BY_ALIGNMENT(.data.$RAM2.*))
 *(SORT_BY_ALIGNMENT(.data.$SRAM_LOWER.*))
                0x1fff0000                        . = ALIGN (0x8)
                [!provide]                        PROVIDE (__end_data_RAM2 = .)
                [!provide]                        PROVIDE (__end_data_SRAM_LOWER = .)

.data_RAM3      0x14000000        0x0 load address 0x00005620
 FILL mask 0xff
                [!provide]                        PROVIDE (__start_data_RAM3 = .)
                [!provide]                        PROVIDE (__start_data_FLEX_RAM = .)
 *(SORT_BY_ALIGNMENT(.ramfunc.$RAM3))
 *(SORT_BY_ALIGNMENT(.ramfunc.$FLEX_RAM))
 *(SORT_BY_ALIGNMENT(.data.$RAM3))
 *(SORT_BY_ALIGNMENT(.data.$FLEX_RAM))
 *(SORT_BY_ALIGNMENT(.data.$RAM3.*))
 *(SORT_BY_ALIGNMENT(.data.$FLEX_RAM.*))
                0x14000000                        . = ALIGN (0x8)
                [!provide]                        PROVIDE (__end_data_RAM3 = .)
                [!provide]                        PROVIDE (__end_data_FLEX_RAM = .)

.uninit_RESERVED
                0x20000000        0x0
                0x20000000                        _start_uninit_RESERVED = .
 *(SORT_BY_ALIGNMENT(.bss.$RESERVED*))
                0x20000000                        . = ALIGN (0x8)
                0x20000000                        _end_uninit_RESERVED = .

.data           0x20000000       0x10 load address 0x00005620
 FILL mask 0xff
                0x20000000                        _data = .
                [!provide]                        PROVIDE (__start_data_RAM = .)
                [!provide]                        PROVIDE (__start_data_SRAM_UPPER = .)
 *(SORT_BY_ALIGNMENT(vtable))
 *(SORT_BY_ALIGNMENT(.ramfunc*))
 *(SORT_BY_ALIGNMENT(CodeQuickAccess))
 *(SORT_BY_ALIGNMENT(DataQuickAccess))
 *(SORT_BY_ALIGNMENT(RamFunction))
 *(SORT_BY_ALIGNMENT(.data*))
 .data.s_slowIrcFreq
                0x20000000        0x4 ./drivers/fsl_clock.o
 .data.s_fastIrcFreq
                0x20000004        0x4 ./drivers/fsl_clock.o
 .data.SystemCoreClock
                0x20000008        0x4 ./device/system_MK66F18.o
                0x20000008                SystemCoreClock
 .data.MSBshift
                0x2000000c        0x1 ./source/i2c_read_accel_value_transfer.o
                0x2000000c                MSBshift
 .data.LSBshift
                0x2000000d        0x1 ./source/i2c_read_accel_value_transfer.o
                0x2000000d                LSBshift
                0x20000010                        . = ALIGN (0x8)
 *fill*         0x2000000e        0x2 ff
                0x20000010                        _edata = .
                [!provide]                        PROVIDE (__end_data_RAM = .)
                [!provide]                        PROVIDE (__end_data_SRAM_UPPER = .)

.igot.plt       0x20000010        0x0 load address 0x00005630
 .igot.plt      0x20000010        0x0 ./utilities/fsl_assert.o

.bss_RAM2       0x1fff0000        0x0
                [!provide]                        PROVIDE (__start_bss_RAM2 = .)
                [!provide]                        PROVIDE (__start_bss_SRAM_LOWER = .)
 *(SORT_BY_ALIGNMENT(NonCacheable))
 *(SORT_BY_ALIGNMENT(.bss.$RAM2))
 *(SORT_BY_ALIGNMENT(.bss.$SRAM_LOWER))
 *(SORT_BY_ALIGNMENT(.bss.$RAM2.*))
 *(SORT_BY_ALIGNMENT(.bss.$SRAM_LOWER.*))
                0x1fff0000                        . = ALIGN ((. != 0x0)?0x8:0x1)
                [!provide]                        PROVIDE (__end_bss_RAM2 = .)
                [!provide]                        PROVIDE (__end_bss_SRAM_LOWER = .)

.bss_RAM3       0x14000000        0x0
                [!provide]                        PROVIDE (__start_bss_RAM3 = .)
                [!provide]                        PROVIDE (__start_bss_FLEX_RAM = .)
 *(SORT_BY_ALIGNMENT(.bss.$RAM3))
 *(SORT_BY_ALIGNMENT(.bss.$FLEX_RAM))
 *(SORT_BY_ALIGNMENT(.bss.$RAM3.*))
 *(SORT_BY_ALIGNMENT(.bss.$FLEX_RAM.*))
                0x14000000                        . = ALIGN ((. != 0x0)?0x8:0x1)
                [!provide]                        PROVIDE (__end_bss_RAM3 = .)
                [!provide]                        PROVIDE (__end_bss_FLEX_RAM = .)

.bss            0x20000010      0x148
                0x20000010                        _bss = .
                [!provide]                        PROVIDE (__start_bss_RAM = .)
                [!provide]                        PROVIDE (__start_bss_SRAM_UPPER = .)
 *(SORT_BY_ALIGNMENT(.bss*))
 .bss.s_debugConsole
                0x20000010       0x14 ./utilities/fsl_debug_console.o
 .bss.g_m_handle
                0x20000024       0x28 ./source/i2c_read_accel_value_transfer.o
                0x20000024                g_m_handle
 .bss.s_extPllFreq
                0x2000004c        0x4 ./drivers/fsl_clock.o
 .bss.g_xtal0Freq
                0x20000050        0x4 ./drivers/fsl_clock.o
                0x20000050                g_xtal0Freq
 .bss.g_xtal32Freq
                0x20000054        0x4 ./drivers/fsl_clock.o
                0x20000054                g_xtal32Freq
 .bss.s_i2cHandle
                0x20000058       0x10 ./drivers/fsl_i2c.o
 .bss.s_i2cMasterIsr
                0x20000068        0x4 ./drivers/fsl_i2c.o
 .bss.s_i2cSlaveIsr
                0x2000006c        0x4 ./drivers/fsl_i2c.o
 .bss.s_lpuartHandle
                0x20000070        0x4 ./drivers/fsl_lpuart.o
                0x20000070                s_lpuartHandle
 .bss.s_lpuartIsr
                0x20000074        0x4 ./drivers/fsl_lpuart.o
                0x20000074                s_lpuartIsr
 .bss.s_uartHandle
                0x20000078       0x14 ./drivers/fsl_uart.o
                0x20000078                s_uartHandle
 .bss.s_uartIsr
                0x2000008c        0x4 ./drivers/fsl_uart.o
                0x2000008c                s_uartIsr
 .bss.errno     0x20000090        0x4 C:/nxp/MCUXpressoIDE_11.10.0_3148/ide/plugins/com.nxp.mcuxpresso.tools.win32_11.10.0.202311280810/tools/bin/../lib/gcc/arm-none-eabi/13.2.1/../../../../arm-none-eabi/lib/thumb/v7e-m+fp/hard\libcr_c.a(errno.o)
                0x20000090                errno
 .bss.__Ciob    0x20000094       0xb4 C:/nxp/MCUXpressoIDE_11.10.0_3148/ide/plugins/com.nxp.mcuxpresso.tools.win32_11.10.0.202311280810/tools/bin/../lib/gcc/arm-none-eabi/13.2.1/../../../../arm-none-eabi/lib/thumb/v7e-m+fp/hard\libcr_nohost_nf.a(__ciob.o)
                0x20000094                __Ciob
 .bss.initialX  0x20000148        0x2 ./source/i2c_read_accel_value_transfer.o
                0x20000148                initialX
 .bss.initialY  0x2000014a        0x2 ./source/i2c_read_accel_value_transfer.o
                0x2000014a                initialY
 .bss.initialZ  0x2000014c        0x2 ./source/i2c_read_accel_value_transfer.o
                0x2000014c                initialZ
 .bss.currentX  0x2000014e        0x2 ./source/i2c_read_accel_value_transfer.o
                0x2000014e                currentX
 .bss.currentY  0x20000150        0x2 ./source/i2c_read_accel_value_transfer.o
                0x20000150                currentY
 .bss.currentZ  0x20000152        0x2 ./source/i2c_read_accel_value_transfer.o
                0x20000152                currentZ
 .bss.g_accel_addr_found
                0x20000154        0x1 ./source/i2c_read_accel_value_transfer.o
                0x20000154                g_accel_addr_found
 .bss.completionFlag
                0x20000155        0x1 ./source/i2c_read_accel_value_transfer.o
                0x20000155                completionFlag
 .bss.nakFlag   0x20000156        0x1 ./source/i2c_read_accel_value_transfer.o
                0x20000156                nakFlag
 .bss.interruptConfigured.0
                0x20000157        0x1 ./source/i2c_read_accel_value_transfer.o
 *(SORT_BY_ALIGNMENT(COMMON))
                0x20000158                        . = ALIGN (0x8)
                0x20000158                        _ebss = .
                [!provide]                        PROVIDE (__end_bss_RAM = .)
                [!provide]                        PROVIDE (__end_bss_SRAM_UPPER = .)
                [!provide]                        PROVIDE (end = .)

.noinit_RAM2    0x1fff0000        0x0
                [!provide]                        PROVIDE (__start_noinit_RAM2 = .)
                [!provide]                        PROVIDE (__start_noinit_SRAM_LOWER = .)
 *(SORT_BY_ALIGNMENT(.noinit.$RAM2))
 *(SORT_BY_ALIGNMENT(.noinit.$SRAM_LOWER))
 *(SORT_BY_ALIGNMENT(.noinit.$RAM2.*))
 *(SORT_BY_ALIGNMENT(.noinit.$SRAM_LOWER.*))
                0x1fff0000                        . = ALIGN (0x8)
                [!provide]                        PROVIDE (__end_noinit_RAM2 = .)
                [!provide]                        PROVIDE (__end_noinit_SRAM_LOWER = .)

.noinit_RAM3    0x14000000        0x0
                [!provide]                        PROVIDE (__start_noinit_RAM3 = .)
                [!provide]                        PROVIDE (__start_noinit_FLEX_RAM = .)
 *(SORT_BY_ALIGNMENT(.noinit.$RAM3))
 *(SORT_BY_ALIGNMENT(.noinit.$FLEX_RAM))
 *(SORT_BY_ALIGNMENT(.noinit.$RAM3.*))
 *(SORT_BY_ALIGNMENT(.noinit.$FLEX_RAM.*))
                0x14000000                        . = ALIGN (0x8)
                [!provide]                        PROVIDE (__end_noinit_RAM3 = .)
                [!provide]                        PROVIDE (__end_noinit_FLEX_RAM = .)

.noinit         0x20000158        0x0
                0x20000158                        _noinit = .
                [!provide]                        PROVIDE (__start_noinit_RAM = .)
                [!provide]                        PROVIDE (__start_noinit_SRAM_UPPER = .)
 *(SORT_BY_ALIGNMENT(.noinit*))
                0x20000158                        . = ALIGN (0x8)
                0x20000158                        _end_noinit = .
                [!provide]                        PROVIDE (__end_noinit_RAM = .)
                [!provide]                        PROVIDE (__end_noinit_SRAM_UPPER = .)
                0x00001000                        _HeapSize = 0x1000

.heap           0x20000158     0x1000
                0x20000158                        _pvHeapStart = .
                0x20001158                        . = (. + _HeapSize)
 *fill*         0x20000158     0x1000 
                0x20001158                        . = ALIGN (0x8)
                0x20001158                        _pvHeapLimit = .
                0x00001000                        _StackSize = 0x1000

.heap2stackfill
                0x20001158     0x1000
                0x20002158                        . = (. + _StackSize)
 *fill*         0x20001158     0x1000 

.stack          0x2002f000        0x0
                0x2002f000                        _vStackBase = .
                0x2002f000                        . = ALIGN (0x8)
                0x20030000                        _vStackTop = (. + _StackSize)
                0x00000000                        _image_start = LOADADDR (.text)
                0x00005630                        _image_end = (LOADADDR (.data) + SIZEOF (.data))
                0x00005630                        _image_size = (_image_end - _image_start)
OUTPUT(SensorProject_i2c_read_accel_value_transfer.axf elf32-littlearm)
LOAD linker stubs

.debug_info     0x00000000    0x12574
 .debug_info    0x00000000       0xc5 ./utilities/fsl_assert.o
 .debug_info    0x000000c5      0xe03 ./utilities/fsl_debug_console.o
 .debug_info    0x00000ec8      0xe97 ./startup/startup_mk66f18.o
 .debug_info    0x00001d5f       0x24 ./source/functions.o
 .debug_info    0x00001d83     0x1a4f ./source/i2c_read_accel_value_transfer.o
 .debug_info    0x000037d2       0x3c ./source/semihost_hardfault.o
 .debug_info    0x0000380e     0x296f ./drivers/fsl_clock.o
 .debug_info    0x0000617d      0x10d ./drivers/fsl_common_arm.o
 .debug_info    0x0000628a      0x6bb ./drivers/fsl_gpio.o
 .debug_info    0x00006945     0x1f92 ./drivers/fsl_i2c.o
 .debug_info    0x000088d7     0x1e86 ./drivers/fsl_lpuart.o
 .debug_info    0x0000a75d     0x20dd ./drivers/fsl_uart.o
 .debug_info    0x0000c83a      0xa4e ./device/system_MK66F18.o
 .debug_info    0x0000d288      0xbe9 ./component/uart/fsl_adapter_uart.o
 .debug_info    0x0000de71      0x11f ./board/board.o
 .debug_info    0x0000df90      0xdfa ./board/clock_config.o
 .debug_info    0x0000ed8a      0x8b8 ./board/pin_mux.o
 .debug_info    0x0000f642       0x85 C:/nxp/MCUXpressoIDE_11.10.0_3148/ide/plugins/com.nxp.mcuxpresso.tools.win32_11.10.0.202311280810/tools/bin/../lib/gcc/arm-none-eabi/13.2.1/../../../../arm-none-eabi/lib/thumb/v7e-m+fp/hard\libcr_nohost_nf.a(_cr__main.o)
 .debug_info    0x0000f6c7      0x12b C:/nxp/MCUXpressoIDE_11.10.0_3148/ide/plugins/com.nxp.mcuxpresso.tools.win32_11.10.0.202311280810/tools/bin/../lib/gcc/arm-none-eabi/13.2.1/../../../../arm-none-eabi/lib/thumb/v7e-m+fp/hard\libcr_c.a(memcpy.o)
 .debug_info    0x0000f7f2       0xfc C:/nxp/MCUXpressoIDE_11.10.0_3148/ide/plugins/com.nxp.mcuxpresso.tools.win32_11.10.0.202311280810/tools/bin/../lib/gcc/arm-none-eabi/13.2.1/../../../../arm-none-eabi/lib/thumb/v7e-m+fp/hard\libcr_c.a(memset.o)
 .debug_info    0x0000f8ee      0x520 C:/nxp/MCUXpressoIDE_11.10.0_3148/ide/plugins/com.nxp.mcuxpresso.tools.win32_11.10.0.202311280810/tools/bin/../lib/gcc/arm-none-eabi/13.2.1/../../../../arm-none-eabi/lib/thumb/v7e-m+fp/hard\libcr_c.a(alloc.o)
 .debug_info    0x0000fe0e      0x339 C:/nxp/MCUXpressoIDE_11.10.0_3148/ide/plugins/com.nxp.mcuxpresso.tools.win32_11.10.0.202311280810/tools/bin/../lib/gcc/arm-none-eabi/13.2.1/../../../../arm-none-eabi/lib/thumb/v7e-m+fp/hard\libcr_c.a(initio.o)
 .debug_info    0x00010147      0x1fd C:/nxp/MCUXpressoIDE_11.10.0_3148/ide/plugins/com.nxp.mcuxpresso.tools.win32_11.10.0.202311280810/tools/bin/../lib/gcc/arm-none-eabi/13.2.1/../../../../arm-none-eabi/lib/thumb/v7e-m+fp/hard\libcr_c.a(setvbuf.o)
 .debug_info    0x00010344      0x4bb C:/nxp/MCUXpressoIDE_11.10.0_3148/ide/plugins/com.nxp.mcuxpresso.tools.win32_11.10.0.202311280810/tools/bin/../lib/gcc/arm-none-eabi/13.2.1/../../../../arm-none-eabi/lib/thumb/v7e-m+fp/hard\libcr_c.a(stdlib.o)
 .debug_info    0x000107ff       0xe1 C:/nxp/MCUXpressoIDE_11.10.0_3148/ide/plugins/com.nxp.mcuxpresso.tools.win32_11.10.0.202311280810/tools/bin/../lib/gcc/arm-none-eabi/13.2.1/../../../../arm-none-eabi/lib/thumb/v7e-m+fp/hard\libcr_c.a(strlen.o)
 .debug_info    0x000108e0      0x24b C:/nxp/MCUXpressoIDE_11.10.0_3148/ide/plugins/com.nxp.mcuxpresso.tools.win32_11.10.0.202311280810/tools/bin/../lib/gcc/arm-none-eabi/13.2.1/../../../../arm-none-eabi/lib/thumb/v7e-m+fp/hard\libcr_c.a(_fdopen.o)
 .debug_info    0x00010b2b       0x44 C:/nxp/MCUXpressoIDE_11.10.0_3148/ide/plugins/com.nxp.mcuxpresso.tools.win32_11.10.0.202311280810/tools/bin/../lib/gcc/arm-none-eabi/13.2.1/../../../../arm-none-eabi/lib/thumb/v7e-m+fp/hard\libcr_c.a(errno.o)
 .debug_info    0x00010b6f      0x318 C:/nxp/MCUXpressoIDE_11.10.0_3148/ide/plugins/com.nxp.mcuxpresso.tools.win32_11.10.0.202311280810/tools/bin/../lib/gcc/arm-none-eabi/13.2.1/../../../../arm-none-eabi/lib/thumb/v7e-m+fp/hard\libcr_c.a(fclose.o)
 .debug_info    0x00010e87      0x209 C:/nxp/MCUXpressoIDE_11.10.0_3148/ide/plugins/com.nxp.mcuxpresso.tools.win32_11.10.0.202311280810/tools/bin/../lib/gcc/arm-none-eabi/13.2.1/../../../../arm-none-eabi/lib/thumb/v7e-m+fp/hard\libcr_c.a(fflush.o)
 .debug_info    0x00011090      0x276 C:/nxp/MCUXpressoIDE_11.10.0_3148/ide/plugins/com.nxp.mcuxpresso.tools.win32_11.10.0.202311280810/tools/bin/../lib/gcc/arm-none-eabi/13.2.1/../../../../arm-none-eabi/lib/thumb/v7e-m+fp/hard\libcr_c.a(fseek.o)
 .debug_info    0x00011306      0x197 C:/nxp/MCUXpressoIDE_11.10.0_3148/ide/plugins/com.nxp.mcuxpresso.tools.win32_11.10.0.202311280810/tools/bin/../lib/gcc/arm-none-eabi/13.2.1/../../../../arm-none-eabi/lib/thumb/v7e-m+fp/hard\libcr_c.a(ftell.o)
 .debug_info    0x0001149d      0x1d7 C:/nxp/MCUXpressoIDE_11.10.0_3148/ide/plugins/com.nxp.mcuxpresso.tools.win32_11.10.0.202311280810/tools/bin/../lib/gcc/arm-none-eabi/13.2.1/../../../../arm-none-eabi/lib/thumb/v7e-m+fp/hard\libcr_c.a(remove.o)
 .debug_info    0x00011674      0x23a C:/nxp/MCUXpressoIDE_11.10.0_3148/ide/plugins/com.nxp.mcuxpresso.tools.win32_11.10.0.202311280810/tools/bin/../lib/gcc/arm-none-eabi/13.2.1/../../../../arm-none-eabi/lib/thumb/v7e-m+fp/hard\libcr_c.a(_do_fflush.o)
 .debug_info    0x000118ae      0x1e3 C:/nxp/MCUXpressoIDE_11.10.0_3148/ide/plugins/com.nxp.mcuxpresso.tools.win32_11.10.0.202311280810/tools/bin/../lib/gcc/arm-none-eabi/13.2.1/../../../../arm-none-eabi/lib/thumb/v7e-m+fp/hard\libcr_c.a(_fflush.o)
 .debug_info    0x00011a91      0x289 C:/nxp/MCUXpressoIDE_11.10.0_3148/ide/plugins/com.nxp.mcuxpresso.tools.win32_11.10.0.202311280810/tools/bin/../lib/gcc/arm-none-eabi/13.2.1/../../../../arm-none-eabi/lib/thumb/v7e-m+fp/hard\libcr_c.a(_writebuf.o)
 .debug_info    0x00011d1a      0x369 C:/nxp/MCUXpressoIDE_11.10.0_3148/ide/plugins/com.nxp.mcuxpresso.tools.win32_11.10.0.202311280810/tools/bin/../lib/gcc/arm-none-eabi/13.2.1/../../../../arm-none-eabi/lib/thumb/v7e-m+fp/hard\libcr_c.a(_deferredlazyseek.o)
 .debug_info    0x00012083      0x18b C:/nxp/MCUXpressoIDE_11.10.0_3148/ide/plugins/com.nxp.mcuxpresso.tools.win32_11.10.0.202311280810/tools/bin/../lib/gcc/arm-none-eabi/13.2.1/../../../../arm-none-eabi/lib/thumb/v7e-m+fp/hard\libcr_nohost_nf.a(__ciob.o)
 .debug_info    0x0001220e       0x6a C:/nxp/MCUXpressoIDE_11.10.0_3148/ide/plugins/com.nxp.mcuxpresso.tools.win32_11.10.0.202311280810/tools/bin/../lib/gcc/arm-none-eabi/13.2.1/../../../../arm-none-eabi/lib/thumb/v7e-m+fp/hard\libcr_nohost_nf.a(__sys_close.o)
 .debug_info    0x00012278       0x6a C:/nxp/MCUXpressoIDE_11.10.0_3148/ide/plugins/com.nxp.mcuxpresso.tools.win32_11.10.0.202311280810/tools/bin/../lib/gcc/arm-none-eabi/13.2.1/../../../../arm-none-eabi/lib/thumb/v7e-m+fp/hard\libcr_nohost_nf.a(__sys_flen.o)
 .debug_info    0x000122e2       0x6a C:/nxp/MCUXpressoIDE_11.10.0_3148/ide/plugins/com.nxp.mcuxpresso.tools.win32_11.10.0.202311280810/tools/bin/../lib/gcc/arm-none-eabi/13.2.1/../../../../arm-none-eabi/lib/thumb/v7e-m+fp/hard\libcr_nohost_nf.a(__sys_istty.o)
 .debug_info    0x0001234c       0x8a C:/nxp/MCUXpressoIDE_11.10.0_3148/ide/plugins/com.nxp.mcuxpresso.tools.win32_11.10.0.202311280810/tools/bin/../lib/gcc/arm-none-eabi/13.2.1/../../../../arm-none-eabi/lib/thumb/v7e-m+fp/hard\libcr_nohost_nf.a(__sys_remove.o)
 .debug_info    0x000123d6       0x78 C:/nxp/MCUXpressoIDE_11.10.0_3148/ide/plugins/com.nxp.mcuxpresso.tools.win32_11.10.0.202311280810/tools/bin/../lib/gcc/arm-none-eabi/13.2.1/../../../../arm-none-eabi/lib/thumb/v7e-m+fp/hard\libcr_nohost_nf.a(__sys_seek.o)
 .debug_info    0x0001244e       0x93 C:/nxp/MCUXpressoIDE_11.10.0_3148/ide/plugins/com.nxp.mcuxpresso.tools.win32_11.10.0.202311280810/tools/bin/../lib/gcc/arm-none-eabi/13.2.1/../../../../arm-none-eabi/lib/thumb/v7e-m+fp/hard\libcr_nohost_nf.a(__sys_tmpnam.o)
 .debug_info    0x000124e1       0x93 C:/nxp/MCUXpressoIDE_11.10.0_3148/ide/plugins/com.nxp.mcuxpresso.tools.win32_11.10.0.202311280810/tools/bin/../lib/gcc/arm-none-eabi/13.2.1/../../../../arm-none-eabi/lib/thumb/v7e-m+fp/hard\libcr_nohost_nf.a(__sys_write.o)

.debug_abbrev   0x00000000     0x3c87
 .debug_abbrev  0x00000000       0x90 ./utilities/fsl_assert.o
 .debug_abbrev  0x00000090      0x285 ./utilities/fsl_debug_console.o
 .debug_abbrev  0x00000315      0x17a ./startup/startup_mk66f18.o
 .debug_abbrev  0x0000048f       0x14 ./source/functions.o
 .debug_abbrev  0x000004a3      0x43f ./source/i2c_read_accel_value_transfer.o
 .debug_abbrev  0x000008e2       0x31 ./source/semihost_hardfault.o
 .debug_abbrev  0x00000913      0x381 ./drivers/fsl_clock.o
 .debug_abbrev  0x00000c94       0xba ./drivers/fsl_common_arm.o
 .debug_abbrev  0x00000d4e      0x1a5 ./drivers/fsl_gpio.o
 .debug_abbrev  0x00000ef3      0x392 ./drivers/fsl_i2c.o
 .debug_abbrev  0x00001285      0x43f ./drivers/fsl_lpuart.o
 .debug_abbrev  0x000016c4      0x45d ./drivers/fsl_uart.o
 .debug_abbrev  0x00001b21      0x148 ./device/system_MK66F18.o
 .debug_abbrev  0x00001c69      0x214 ./component/uart/fsl_adapter_uart.o
 .debug_abbrev  0x00001e7d       0xb8 ./board/board.o
 .debug_abbrev  0x00001f35      0x247 ./board/clock_config.o
 .debug_abbrev  0x0000217c      0x22e ./board/pin_mux.o
 .debug_abbrev  0x000023aa       0x70 C:/nxp/MCUXpressoIDE_11.10.0_3148/ide/plugins/com.nxp.mcuxpresso.tools.win32_11.10.0.202311280810/tools/bin/../lib/gcc/arm-none-eabi/13.2.1/../../../../arm-none-eabi/lib/thumb/v7e-m+fp/hard\libcr_nohost_nf.a(_cr__main.o)
 .debug_abbrev  0x0000241a       0xb6 C:/nxp/MCUXpressoIDE_11.10.0_3148/ide/plugins/com.nxp.mcuxpresso.tools.win32_11.10.0.202311280810/tools/bin/../lib/gcc/arm-none-eabi/13.2.1/../../../../arm-none-eabi/lib/thumb/v7e-m+fp/hard\libcr_c.a(memcpy.o)
 .debug_abbrev  0x000024d0       0xa8 C:/nxp/MCUXpressoIDE_11.10.0_3148/ide/plugins/com.nxp.mcuxpresso.tools.win32_11.10.0.202311280810/tools/bin/../lib/gcc/arm-none-eabi/13.2.1/../../../../arm-none-eabi/lib/thumb/v7e-m+fp/hard\libcr_c.a(memset.o)
 .debug_abbrev  0x00002578      0x284 C:/nxp/MCUXpressoIDE_11.10.0_3148/ide/plugins/com.nxp.mcuxpresso.tools.win32_11.10.0.202311280810/tools/bin/../lib/gcc/arm-none-eabi/13.2.1/../../../../arm-none-eabi/lib/thumb/v7e-m+fp/hard\libcr_c.a(alloc.o)
 .debug_abbrev  0x000027fc      0x169 C:/nxp/MCUXpressoIDE_11.10.0_3148/ide/plugins/com.nxp.mcuxpresso.tools.win32_11.10.0.202311280810/tools/bin/../lib/gcc/arm-none-eabi/13.2.1/../../../../arm-none-eabi/lib/thumb/v7e-m+fp/hard\libcr_c.a(initio.o)
 .debug_abbrev  0x00002965       0xe1 C:/nxp/MCUXpressoIDE_11.10.0_3148/ide/plugins/com.nxp.mcuxpresso.tools.win32_11.10.0.202311280810/tools/bin/../lib/gcc/arm-none-eabi/13.2.1/../../../../arm-none-eabi/lib/thumb/v7e-m+fp/hard\libcr_c.a(setvbuf.o)
 .debug_abbrev  0x00002a46      0x2b7 C:/nxp/MCUXpressoIDE_11.10.0_3148/ide/plugins/com.nxp.mcuxpresso.tools.win32_11.10.0.202311280810/tools/bin/../lib/gcc/arm-none-eabi/13.2.1/../../../../arm-none-eabi/lib/thumb/v7e-m+fp/hard\libcr_c.a(stdlib.o)
 .debug_abbrev  0x00002cfd       0xa7 C:/nxp/MCUXpressoIDE_11.10.0_3148/ide/plugins/com.nxp.mcuxpresso.tools.win32_11.10.0.202311280810/tools/bin/../lib/gcc/arm-none-eabi/13.2.1/../../../../arm-none-eabi/lib/thumb/v7e-m+fp/hard\libcr_c.a(strlen.o)
 .debug_abbrev  0x00002da4      0x119 C:/nxp/MCUXpressoIDE_11.10.0_3148/ide/plugins/com.nxp.mcuxpresso.tools.win32_11.10.0.202311280810/tools/bin/../lib/gcc/arm-none-eabi/13.2.1/../../../../arm-none-eabi/lib/thumb/v7e-m+fp/hard\libcr_c.a(_fdopen.o)
 .debug_abbrev  0x00002ebd       0x44 C:/nxp/MCUXpressoIDE_11.10.0_3148/ide/plugins/com.nxp.mcuxpresso.tools.win32_11.10.0.202311280810/tools/bin/../lib/gcc/arm-none-eabi/13.2.1/../../../../arm-none-eabi/lib/thumb/v7e-m+fp/hard\libcr_c.a(errno.o)
 .debug_abbrev  0x00002f01      0x155 C:/nxp/MCUXpressoIDE_11.10.0_3148/ide/plugins/com.nxp.mcuxpresso.tools.win32_11.10.0.202311280810/tools/bin/../lib/gcc/arm-none-eabi/13.2.1/../../../../arm-none-eabi/lib/thumb/v7e-m+fp/hard\libcr_c.a(fclose.o)
 .debug_abbrev  0x00003056      0x125 C:/nxp/MCUXpressoIDE_11.10.0_3148/ide/plugins/com.nxp.mcuxpresso.tools.win32_11.10.0.202311280810/tools/bin/../lib/gcc/arm-none-eabi/13.2.1/../../../../arm-none-eabi/lib/thumb/v7e-m+fp/hard\libcr_c.a(fflush.o)
 .debug_abbrev  0x0000317b      0x11b C:/nxp/MCUXpressoIDE_11.10.0_3148/ide/plugins/com.nxp.mcuxpresso.tools.win32_11.10.0.202311280810/tools/bin/../lib/gcc/arm-none-eabi/13.2.1/../../../../arm-none-eabi/lib/thumb/v7e-m+fp/hard\libcr_c.a(fseek.o)
 .debug_abbrev  0x00003296       0xc2 C:/nxp/MCUXpressoIDE_11.10.0_3148/ide/plugins/com.nxp.mcuxpresso.tools.win32_11.10.0.202311280810/tools/bin/../lib/gcc/arm-none-eabi/13.2.1/../../../../arm-none-eabi/lib/thumb/v7e-m+fp/hard\libcr_c.a(ftell.o)
 .debug_abbrev  0x00003358       0xfb C:/nxp/MCUXpressoIDE_11.10.0_3148/ide/plugins/com.nxp.mcuxpresso.tools.win32_11.10.0.202311280810/tools/bin/../lib/gcc/arm-none-eabi/13.2.1/../../../../arm-none-eabi/lib/thumb/v7e-m+fp/hard\libcr_c.a(remove.o)
 .debug_abbrev  0x00003453      0x12c C:/nxp/MCUXpressoIDE_11.10.0_3148/ide/plugins/com.nxp.mcuxpresso.tools.win32_11.10.0.202311280810/tools/bin/../lib/gcc/arm-none-eabi/13.2.1/../../../../arm-none-eabi/lib/thumb/v7e-m+fp/hard\libcr_c.a(_do_fflush.o)
 .debug_abbrev  0x0000357f       0xf1 C:/nxp/MCUXpressoIDE_11.10.0_3148/ide/plugins/com.nxp.mcuxpresso.tools.win32_11.10.0.202311280810/tools/bin/../lib/gcc/arm-none-eabi/13.2.1/../../../../arm-none-eabi/lib/thumb/v7e-m+fp/hard\libcr_c.a(_fflush.o)
 .debug_abbrev  0x00003670      0x126 C:/nxp/MCUXpressoIDE_11.10.0_3148/ide/plugins/com.nxp.mcuxpresso.tools.win32_11.10.0.202311280810/tools/bin/../lib/gcc/arm-none-eabi/13.2.1/../../../../arm-none-eabi/lib/thumb/v7e-m+fp/hard\libcr_c.a(_writebuf.o)
 .debug_abbrev  0x00003796      0x152 C:/nxp/MCUXpressoIDE_11.10.0_3148/ide/plugins/com.nxp.mcuxpresso.tools.win32_11.10.0.202311280810/tools/bin/../lib/gcc/arm-none-eabi/13.2.1/../../../../arm-none-eabi/lib/thumb/v7e-m+fp/hard\libcr_c.a(_deferredlazyseek.o)
 .debug_abbrev  0x000038e8       0xb5 C:/nxp/MCUXpressoIDE_11.10.0_3148/ide/plugins/com.nxp.mcuxpresso.tools.win32_11.10.0.202311280810/tools/bin/../lib/gcc/arm-none-eabi/13.2.1/../../../../arm-none-eabi/lib/thumb/v7e-m+fp/hard\libcr_nohost_nf.a(__ciob.o)
 .debug_abbrev  0x0000399d       0x5c C:/nxp/MCUXpressoIDE_11.10.0_3148/ide/plugins/com.nxp.mcuxpresso.tools.win32_11.10.0.202311280810/tools/bin/../lib/gcc/arm-none-eabi/13.2.1/../../../../arm-none-eabi/lib/thumb/v7e-m+fp/hard\libcr_nohost_nf.a(__sys_close.o)
 .debug_abbrev  0x000039f9       0x5c C:/nxp/MCUXpressoIDE_11.10.0_3148/ide/plugins/com.nxp.mcuxpresso.tools.win32_11.10.0.202311280810/tools/bin/../lib/gcc/arm-none-eabi/13.2.1/../../../../arm-none-eabi/lib/thumb/v7e-m+fp/hard\libcr_nohost_nf.a(__sys_flen.o)
 .debug_abbrev  0x00003a55       0x5c C:/nxp/MCUXpressoIDE_11.10.0_3148/ide/plugins/com.nxp.mcuxpresso.tools.win32_11.10.0.202311280810/tools/bin/../lib/gcc/arm-none-eabi/13.2.1/../../../../arm-none-eabi/lib/thumb/v7e-m+fp/hard\libcr_nohost_nf.a(__sys_istty.o)
 .debug_abbrev  0x00003ab1       0x7d C:/nxp/MCUXpressoIDE_11.10.0_3148/ide/plugins/com.nxp.mcuxpresso.tools.win32_11.10.0.202311280810/tools/bin/../lib/gcc/arm-none-eabi/13.2.1/../../../../arm-none-eabi/lib/thumb/v7e-m+fp/hard\libcr_nohost_nf.a(__sys_remove.o)
 .debug_abbrev  0x00003b2e       0x6d C:/nxp/MCUXpressoIDE_11.10.0_3148/ide/plugins/com.nxp.mcuxpresso.tools.win32_11.10.0.202311280810/tools/bin/../lib/gcc/arm-none-eabi/13.2.1/../../../../arm-none-eabi/lib/thumb/v7e-m+fp/hard\libcr_nohost_nf.a(__sys_seek.o)
 .debug_abbrev  0x00003b9b       0x76 C:/nxp/MCUXpressoIDE_11.10.0_3148/ide/plugins/com.nxp.mcuxpresso.tools.win32_11.10.0.202311280810/tools/bin/../lib/gcc/arm-none-eabi/13.2.1/../../../../arm-none-eabi/lib/thumb/v7e-m+fp/hard\libcr_nohost_nf.a(__sys_tmpnam.o)
 .debug_abbrev  0x00003c11       0x76 C:/nxp/MCUXpressoIDE_11.10.0_3148/ide/plugins/com.nxp.mcuxpresso.tools.win32_11.10.0.202311280810/tools/bin/../lib/gcc/arm-none-eabi/13.2.1/../../../../arm-none-eabi/lib/thumb/v7e-m+fp/hard\libcr_nohost_nf.a(__sys_write.o)

.debug_aranges  0x00000000     0x1198
 .debug_aranges
                0x00000000       0x20 ./utilities/fsl_assert.o
 .debug_aranges
                0x00000020       0x78 ./utilities/fsl_debug_console.o
 .debug_aranges
                0x00000098      0x3a0 ./startup/startup_mk66f18.o
 .debug_aranges
                0x00000438       0x20 ./source/functions.o
 .debug_aranges
                0x00000458       0xc0 ./source/i2c_read_accel_value_transfer.o
 .debug_aranges
                0x00000518       0x20 ./source/semihost_hardfault.o
 .debug_aranges
                0x00000538      0x258 ./drivers/fsl_clock.o
 .debug_aranges
                0x00000790       0x28 ./drivers/fsl_common_arm.o
 .debug_aranges
                0x000007b8       0x40 ./drivers/fsl_gpio.o
 .debug_aranges
                0x000007f8      0x188 ./drivers/fsl_i2c.o
 .debug_aranges
                0x00000980      0x138 ./drivers/fsl_lpuart.o
 .debug_aranges
                0x00000ab8      0x1a8 ./drivers/fsl_uart.o
 .debug_aranges
                0x00000c60       0x30 ./device/system_MK66F18.o
 .debug_aranges
                0x00000c90       0x50 ./component/uart/fsl_adapter_uart.o
 .debug_aranges
                0x00000ce0       0x20 ./board/board.o
 .debug_aranges
                0x00000d00       0x60 ./board/clock_config.o
 .debug_aranges
                0x00000d60       0x48 ./board/pin_mux.o
 .debug_aranges
                0x00000da8       0x20 C:/nxp/MCUXpressoIDE_11.10.0_3148/ide/plugins/com.nxp.mcuxpresso.tools.win32_11.10.0.202311280810/tools/bin/../lib/gcc/arm-none-eabi/13.2.1/../../../../arm-none-eabi/lib/thumb/v7e-m+fp/hard\libcr_nohost_nf.a(_cr__main.o)
 .debug_aranges
                0x00000dc8       0x20 C:/nxp/MCUXpressoIDE_11.10.0_3148/ide/plugins/com.nxp.mcuxpresso.tools.win32_11.10.0.202311280810/tools/bin/../lib/gcc/arm-none-eabi/13.2.1/../../../../arm-none-eabi/lib/thumb/v7e-m+fp/hard\libcr_c.a(memcpy.o)
 .debug_aranges
                0x00000de8       0x20 C:/nxp/MCUXpressoIDE_11.10.0_3148/ide/plugins/com.nxp.mcuxpresso.tools.win32_11.10.0.202311280810/tools/bin/../lib/gcc/arm-none-eabi/13.2.1/../../../../arm-none-eabi/lib/thumb/v7e-m+fp/hard\libcr_c.a(memset.o)
 .debug_aranges
                0x00000e08       0x40 C:/nxp/MCUXpressoIDE_11.10.0_3148/ide/plugins/com.nxp.mcuxpresso.tools.win32_11.10.0.202311280810/tools/bin/../lib/gcc/arm-none-eabi/13.2.1/../../../../arm-none-eabi/lib/thumb/v7e-m+fp/hard\libcr_c.a(alloc.o)
 .debug_aranges
                0x00000e48       0x28 C:/nxp/MCUXpressoIDE_11.10.0_3148/ide/plugins/com.nxp.mcuxpresso.tools.win32_11.10.0.202311280810/tools/bin/../lib/gcc/arm-none-eabi/13.2.1/../../../../arm-none-eabi/lib/thumb/v7e-m+fp/hard\libcr_c.a(initio.o)
 .debug_aranges
                0x00000e70       0x20 C:/nxp/MCUXpressoIDE_11.10.0_3148/ide/plugins/com.nxp.mcuxpresso.tools.win32_11.10.0.202311280810/tools/bin/../lib/gcc/arm-none-eabi/13.2.1/../../../../arm-none-eabi/lib/thumb/v7e-m+fp/hard\libcr_c.a(setvbuf.o)
 .debug_aranges
                0x00000e90       0x88 C:/nxp/MCUXpressoIDE_11.10.0_3148/ide/plugins/com.nxp.mcuxpresso.tools.win32_11.10.0.202311280810/tools/bin/../lib/gcc/arm-none-eabi/13.2.1/../../../../arm-none-eabi/lib/thumb/v7e-m+fp/hard\libcr_c.a(stdlib.o)
 .debug_aranges
                0x00000f18       0x20 C:/nxp/MCUXpressoIDE_11.10.0_3148/ide/plugins/com.nxp.mcuxpresso.tools.win32_11.10.0.202311280810/tools/bin/../lib/gcc/arm-none-eabi/13.2.1/../../../../arm-none-eabi/lib/thumb/v7e-m+fp/hard\libcr_c.a(strlen.o)
 .debug_aranges
                0x00000f38       0x20 C:/nxp/MCUXpressoIDE_11.10.0_3148/ide/plugins/com.nxp.mcuxpresso.tools.win32_11.10.0.202311280810/tools/bin/../lib/gcc/arm-none-eabi/13.2.1/../../../../arm-none-eabi/lib/thumb/v7e-m+fp/hard\libcr_c.a(_fdopen.o)
 .debug_aranges
                0x00000f58       0x18 C:/nxp/MCUXpressoIDE_11.10.0_3148/ide/plugins/com.nxp.mcuxpresso.tools.win32_11.10.0.202311280810/tools/bin/../lib/gcc/arm-none-eabi/13.2.1/../../../../arm-none-eabi/lib/thumb/v7e-m+fp/hard\libcr_c.a(errno.o)
 .debug_aranges
                0x00000f70       0x20 C:/nxp/MCUXpressoIDE_11.10.0_3148/ide/plugins/com.nxp.mcuxpresso.tools.win32_11.10.0.202311280810/tools/bin/../lib/gcc/arm-none-eabi/13.2.1/../../../../arm-none-eabi/lib/thumb/v7e-m+fp/hard\libcr_c.a(fclose.o)
 .debug_aranges
                0x00000f90       0x20 C:/nxp/MCUXpressoIDE_11.10.0_3148/ide/plugins/com.nxp.mcuxpresso.tools.win32_11.10.0.202311280810/tools/bin/../lib/gcc/arm-none-eabi/13.2.1/../../../../arm-none-eabi/lib/thumb/v7e-m+fp/hard\libcr_c.a(fflush.o)
 .debug_aranges
                0x00000fb0       0x20 C:/nxp/MCUXpressoIDE_11.10.0_3148/ide/plugins/com.nxp.mcuxpresso.tools.win32_11.10.0.202311280810/tools/bin/../lib/gcc/arm-none-eabi/13.2.1/../../../../arm-none-eabi/lib/thumb/v7e-m+fp/hard\libcr_c.a(fseek.o)
 .debug_aranges
                0x00000fd0       0x20 C:/nxp/MCUXpressoIDE_11.10.0_3148/ide/plugins/com.nxp.mcuxpresso.tools.win32_11.10.0.202311280810/tools/bin/../lib/gcc/arm-none-eabi/13.2.1/../../../../arm-none-eabi/lib/thumb/v7e-m+fp/hard\libcr_c.a(ftell.o)
 .debug_aranges
                0x00000ff0       0x28 C:/nxp/MCUXpressoIDE_11.10.0_3148/ide/plugins/com.nxp.mcuxpresso.tools.win32_11.10.0.202311280810/tools/bin/../lib/gcc/arm-none-eabi/13.2.1/../../../../arm-none-eabi/lib/thumb/v7e-m+fp/hard\libcr_c.a(remove.o)
 .debug_aranges
                0x00001018       0x20 C:/nxp/MCUXpressoIDE_11.10.0_3148/ide/plugins/com.nxp.mcuxpresso.tools.win32_11.10.0.202311280810/tools/bin/../lib/gcc/arm-none-eabi/13.2.1/../../../../arm-none-eabi/lib/thumb/v7e-m+fp/hard\libcr_c.a(_do_fflush.o)
 .debug_aranges
                0x00001038       0x20 C:/nxp/MCUXpressoIDE_11.10.0_3148/ide/plugins/com.nxp.mcuxpresso.tools.win32_11.10.0.202311280810/tools/bin/../lib/gcc/arm-none-eabi/13.2.1/../../../../arm-none-eabi/lib/thumb/v7e-m+fp/hard\libcr_c.a(_fflush.o)
 .debug_aranges
                0x00001058       0x20 C:/nxp/MCUXpressoIDE_11.10.0_3148/ide/plugins/com.nxp.mcuxpresso.tools.win32_11.10.0.202311280810/tools/bin/../lib/gcc/arm-none-eabi/13.2.1/../../../../arm-none-eabi/lib/thumb/v7e-m+fp/hard\libcr_c.a(_writebuf.o)
 .debug_aranges
                0x00001078       0x28 C:/nxp/MCUXpressoIDE_11.10.0_3148/ide/plugins/com.nxp.mcuxpresso.tools.win32_11.10.0.202311280810/tools/bin/../lib/gcc/arm-none-eabi/13.2.1/../../../../arm-none-eabi/lib/thumb/v7e-m+fp/hard\libcr_c.a(_deferredlazyseek.o)
 .debug_aranges
                0x000010a0       0x18 C:/nxp/MCUXpressoIDE_11.10.0_3148/ide/plugins/com.nxp.mcuxpresso.tools.win32_11.10.0.202311280810/tools/bin/../lib/gcc/arm-none-eabi/13.2.1/../../../../arm-none-eabi/lib/thumb/v7e-m+fp/hard\libcr_nohost_nf.a(__ciob.o)
 .debug_aranges
                0x000010b8       0x20 C:/nxp/MCUXpressoIDE_11.10.0_3148/ide/plugins/com.nxp.mcuxpresso.tools.win32_11.10.0.202311280810/tools/bin/../lib/gcc/arm-none-eabi/13.2.1/../../../../arm-none-eabi/lib/thumb/v7e-m+fp/hard\libcr_nohost_nf.a(__sys_close.o)
 .debug_aranges
                0x000010d8       0x20 C:/nxp/MCUXpressoIDE_11.10.0_3148/ide/plugins/com.nxp.mcuxpresso.tools.win32_11.10.0.202311280810/tools/bin/../lib/gcc/arm-none-eabi/13.2.1/../../../../arm-none-eabi/lib/thumb/v7e-m+fp/hard\libcr_nohost_nf.a(__sys_flen.o)
 .debug_aranges
                0x000010f8       0x20 C:/nxp/MCUXpressoIDE_11.10.0_3148/ide/plugins/com.nxp.mcuxpresso.tools.win32_11.10.0.202311280810/tools/bin/../lib/gcc/arm-none-eabi/13.2.1/../../../../arm-none-eabi/lib/thumb/v7e-m+fp/hard\libcr_nohost_nf.a(__sys_istty.o)
 .debug_aranges