C:\Users\bukre\Documents\MCUXpressoIDE_11.10.0_3148\workspace\FinalProject_SEH500\CMSIS/core_cm4.h:1679:22:__NVIC_EnableIRQ	16	static
C:\Users\bukre\Documents\MCUXpressoIDE_11.10.0_3148\workspace\FinalProject_SEH500\drivers/fsl_clock.h:725:20:CLOCK_EnableClock	24	static
C:\Users\bukre\Documents\MCUXpressoIDE_11.10.0_3148\workspace\FinalProject_SEH500\drivers/fsl_common_arm.h:499:24:EnableIRQ	24	static
C:\Users\bukre\Documents\MCUXpressoIDE_11.10.0_3148\workspace\FinalProject_SEH500\drivers/fsl_gpio.h:162:20:GPIO_PinWrite	24	static
C:\Users\bukre\Documents\MCUXpressoIDE_11.10.0_3148\workspace\FinalProject_SEH500\drivers/fsl_port.h:271:20:PORT_SetPinConfig	32	static
C:\Users\bukre\Documents\MCUXpressoIDE_11.10.0_3148\workspace\FinalProject_SEH500\drivers/fsl_port.h:443:20:PORT_SetPinInterruptConfig	24	static
C:\Users\bukre\Documents\MCUXpressoIDE_11.10.0_3148\workspace\FinalProject_SEH500\drivers/fsl_port.h:509:24:PORT_GetPinsInterruptFlags	16	static
C:\Users\bukre\Documents\MCUXpressoIDE_11.10.0_3148\workspace\FinalProject_SEH500\drivers/fsl_port.h:520:20:PORT_ClearPinsInterruptFlags	16	static
../source/i2c_read_accel_value_transfer.c:108:13:i2c_release_bus_delay	16	static
../source/i2c_read_accel_value_transfer.c:117:6:BOARD_I2C_ReleaseBus	16	static
../source/i2c_read_accel_value_transfer.c:168:13:i2c_master_callback	24	static
../source/i2c_read_accel_value_transfer.c:182:13:I2C_InitModule	24	static
../source/i2c_read_accel_value_transfer.c:200:13:I2C_ReadAccelWhoAmI	40	static
../source/i2c_read_accel_value_transfer.c:308:13:I2C_WriteAccelReg	40	static
../source/i2c_read_accel_value_transfer.c:345:13:I2C_ReadAccelRegs	48	static
../source/i2c_read_accel_value_transfer.c:381:6:GPIOD_IRQHandler	16	static
../source/i2c_read_accel_value_transfer.c:405:6:ConfigureZAxisInterrupt	16	static
../source/i2c_read_accel_value_transfer.c:424:6:RecordInitialPosition	16	static
../source/i2c_read_accel_value_transfer.c:438:6:DetectPositionChange	32	static
../source/i2c_read_accel_value_transfer.c:453:6:UpdateLEDs	16	static
../source/i2c_read_accel_value_transfer.c:492:5:main	48	static
